2023-01-02 16:14:49.605 1844-5107/? D/AICCTModule: AICurveModel: handleMessage MSG_SENSOR_CHANGED, mSensorValue:3000.0
2023-01-02 16:14:49.605 1844-5107/? D/AICCTModule: AICurveModel: handleUpdateCCT mSensorValue:3000.0, isReset:false
2023-01-02 16:14:49.605 1844-5107/? I/AICCTModule: AICurveModel: findPointByX x:10.877226, rightPoint:Point:(10.879999, 5329.0, 5329.0)
2023-01-02 16:14:49.605 1844-5107/? I/AICCTModule: AICurveModel: StablePoints has no dragSplineLine
2023-01-02 16:14:49.605 1844-5107/? I/AICCTModule: AICurveModel: StablePoints y1Left:5329.0, y2Left:0.0, leftY:5329.0
2023-01-02 16:14:49.605 1844-5107/? I/AICCTModule: AICurveModel: getNextPoint isLargeChange, 3003.0386, 5329.0
2023-01-02 16:14:49.605 1844-5107/? I/AICCTModule: AICurveModel: handleUpdateCCT cct change from 5329.0, to 5329.0
2023-01-02 16:14:49.606 1844-5107/? I/AICCTModule: AICurveModel: handleUpdateCCT TargetEffectPoint update, 3003.0386, 5329.0
2023-01-02 16:14:49.606 1844-5107/? I/AICCTModule: AICurveModel: onTargetCCTChange cct change to 5329.0
2023-01-02 16:14:49.633 12006-32176/com.xiaomi.athena_remocons I/CyberDogClient: publishDecissage.{"angular_":{"x_":0.0,"y_":0.0,"z_":0.18334632384092764,"memoizedSerializedSize":-1,"unknownFields":{"count":0,"isMutable":false,"memoizedSerializedSize":0,"objects":[],"tags":[]},"memoizedHashCode":0},"linear_":{"x_":0.2949145222991254,"y_":0.0,"z_":0.0,"memoizedSerializedSize":-1,"unknownFields":{"count":0,"isMutable":false,"memoizedSerializedSize":0,"objects":[],"tags":[]},"memoizedHashCode":0},"memoizedSerializedSize":-1,"unknownFields":{"count":0,"isMutable":false,"memoizedSerializedSize":0,"objects":[],"tags":[]},"memoizedHashCode":0}
2023-01-02 16:14:49.645 1844-3341/? D/PowerManagerService: userActivityNoUpdateLocked: groupId=0, eventTime=2509415911, event=2, flags=0x0, uid=1000
2023-01-02 16:14:49.646 12006-526/com.xiaomi.athena_remocons I/CyberDogClient: publishDecissage completed.
2023-01-02 16:14:49.683 12006-32176/com.xiaomi.athena_remocons I/CyberDogClient: publishDecissage.{"angular_":{"x_":0.0,"y_":0.0,"z_":0.17444875621123845,"memoizedSerializedSize":-1,"unknownFields":{"count":0,"isMutable":false,"memoizedSerializedSize":0,"objects":[],"tags":[]},"memoizedHashCode":0},"linear_":{"x_":0.2953998858561571,"y_":0.0,"z_":0.0,"memoizedSerializedSize":-1,"unknownFields":{"count":0,"isMutable":false,"memoizedSerializedSize":0,"objects":[],"tags":[]},"memoizedHashCode":0},"memoizedSerializedSize":-1,"unknownFields":{"count":0,"isMutable":false,"memoizedSerializedSize":0,"objects":[],"tags":[]},"memoizedHashCode":0}
2023-01-02 16:14:49.691 1844-1844/? D/CompatibilityChangeReporter: Compat change id reported: 135634846; UID 10095; state: DISABLED
2023-01-02 16:14:49.691 1844-1844/? D/CompatibilityChangeReporter: Compat change id reported: 177438394; UID 10095; state: DISABLED
2023-01-02 16:14:49.691 1844-1844/? D/CompatibilityChangeReporter: Compat change id reported: 135772972; UID 10095; state: DISABLED
2023-01-02 16:14:49.691 1844-1844/? D/CompatibilityChangeReporter: Compat change id reported: 135754954; UID 10095; state: ENABLED
2023-01-02 16:14:49.692 1844-2458/? D/CompatibilityChangeReporter: Compat change id reported: 143937733; UID 10095; state: ENABLED
2023-01-02 16:14:49.695 12006-526/com.xiaomi.athena_remocons I/CyberDogClient: publishDecissage completed.
2023-01-02 16:14:49.707 1179-1179/? D/Zygote: Forked child process 529
2023-01-02 16:14:49.709 1844-2458/? I/ActivityManager: Start proc 529:com.oplus.cota/u0a95 for service {com.oplus.cota/com.oplus.cota.statistics.ReportEventJobService}
2023-01-02 16:14:49.720 1844-2458/? W/ContextImpl: Calling a method in the system process without a qualified user: android.app.ContextImpl.sendBroadcast:1196 com.android.server.am.OplusAppStartupConfig.sendAbnormalNotify:1489 com.android.server.am.OplusAppStartupConfig.notifyAbnormalInfo:1422 com.android.server.am.OplusAppStartupManager.handleStartAppInfo:5294 com.android.server.am.ProcessListExtImpl.hookHandleProcessStart:234 
2023-01-02 16:14:49.720 1844-2458/? D/OplusUIFirst_FB: com.oplus.cota proc start: 10095 529 false com.oplus.cota
2023-01-02 16:14:49.721 1844-2458/? D/OplusUIFirst_FB: com.oplus.cota start process: []
2023-01-02 16:14:49.721 1844-2458/? D/OplusUIFirst_FB: List of ThreadOp: size=0 []
2023-01-02 16:14:49.723 529-529/? E/com.oplus.cota: Unknown bits set in runtime_flags: 0x40000000
2023-01-02 16:14:49.726 529-529/? E/com.oplus.cota: Not starting debugger since process cannot load the jdwp agent.
2023-01-02 16:14:49.730 529-529/? I/OneTrace: Mark active for pid=529? true
2023-01-02 16:14:49.730 529-529/? D/cutils-dev: otrace_set_tracing_enabled? true
2023-01-02 16:14:49.732 12006-32176/com.xiaomi.athena_remocons I/CyberDogClient: publishDecissage.{"angular_":{"x_":0.0,"y_":0.0,"z_":0.16627992087181198,"memoizedSerializedSize":-1,"unknownFields":{"count":0,"isMutable":false,"memoizedSerializedSize":0,"objects":[],"tags":[]},"memoizedHashCode":0},"linear_":{"x_":0.2958235960305074,"y_":0.0,"z_":0.0,"memoizedSerializedSize":-1,"unknownFields":{"count":0,"isMutable":false,"memoizedSerializedSize":0,"objects":[],"tags":[]},"memoizedHashCode":0},"memoizedSerializedSize":-1,"unknownFields":{"count":0,"isMutable":false,"memoizedSerializedSize":0,"objects":[],"tags":[]},"memoizedHashCode":0}
2023-01-02 16:14:49.735 1844-9411/? D/CompatibilityChangeReporter: Compat change id reported: 168419799; UID 10095; state: DISABLED
2023-01-02 16:14:49.736 529-576/? D/cutils-dev: properties changed in otrace_seq_number_changed!
2023-01-02 16:14:49.738 529-529/? D/CompatibilityChangeReporter: Compat change id reported: 171979766; UID 10095; state: ENABLED
2023-01-02 16:14:49.738 529-529/? I/oplus.android.OplusFrameworkFactoryImpl: get feature:IOplusAutoResolutionFeature
2023-01-02 16:14:49.738 529-529/? I/oplus.android.OplusFrameworkFactoryImpl: getOplusAutoResolutionFeature
2023-01-02 16:14:49.741 12006-526/com.xiaomi.athena_remocons I/CyberDogClient: publishDecissage completed.
2023-01-02 16:14:49.741 529-529/? I/OplusFeatureCache: Milliseconds spent on init(): 2
2023-01-02 16:14:49.742 529-529/? D/CompactWindowAppManager: initCompactApplicationInfo 
2023-01-02 16:14:49.745 529-529/? W/libc: Access denied finding property "ro.odm.prev.product.name"
2023-01-02 16:14:49.746 529-529/? D/LoadedApk: mApplicationInfo overrideDisplayId:null
2023-01-02 16:14:49.750 1844-3341/? D/PowerManagerService: userActivityNoUpdateLocked: groupId=0, eventTime=2509416015, event=2, flags=0x0, uid=1000
2023-01-02 16:14:49.753 529-529/? D/nativeloader: Configuring classloader-namespace for other apk /system/framework/org.apache.http.legacy.jar. target_sdk_version=33, uses_libraries=ALL, library_path=/product/priv-app/Cota/lib/arm64, permitted_path=/data:/mnt/expand:/data/user/0/com.oplus.cota
2023-01-02 16:14:49.753 529-529/? D/nativeloader: Extending system_exposed_libraries: libbinauralrenderer_wrapper.qti.so:libhoaeffects.qti.so:libSloganJni.oplus.so:libsuperNight.oplus.so:libupdateprof.qti.so:libQOC.qti.so:libthermalclient.qti.so:libdiag_system.qti.so:libqape.qti.so:liblistenjni.qti.so
2023-01-02 16:14:49.766 529-529/? D/nativeloader: Configuring vendor-classloader-namespace for unbundled product apk /product/priv-app/Cota/Cota.apk. target_sdk_version=33, uses_libraries=, library_path=/product/priv-app/Cota/lib/arm64:/product/lib64:/system/product/lib64, permitted_path=/data:/mnt/expand:/data/user/0/com.oplus.cota:/product/lib64:/system/product/lib64
2023-01-02 16:14:49.783 12006-32176/com.xiaomi.athena_remocons I/CyberDogClient: publishDecissage.{"angular_":{"x_":0.0,"y_":0.0,"z_":0.16128456571009586,"memoizedSerializedSize":-1,"unknownFields":{"count":0,"isMutable":false,"memoizedSerializedSize":0,"objects":[],"tags":[]},"memoizedHashCode":0},"linear_":{"x_":0.29607238612301306,"y_":0.0,"z_":0.0,"memoizedSerializedSize":-1,"unknownFields":{"count":0,"isMutable":false,"memoizedSerializedSize":0,"objects":[],"tags":[]},"memoizedHashCode":0},"memoizedSerializedSize":-1,"unknownFields":{"count":0,"isMutable":false,"memoizedSerializedSize":0,"objects":[],"tags":[]},"memoizedHashCode":0}
2023-01-02 16:14:49.792 529-529/? V/GraphicsEnvironment: ANGLE Developer option for 'com.oplus.cota' set to: 'default'
2023-01-02 16:14:49.792 529-529/? V/GraphicsEnvironment: ANGLE GameManagerService for com.oplus.cota: false
2023-01-02 16:14:49.794 12006-526/com.xiaomi.athena_remocons I/CyberDogClient: publishDecissage completed.
2023-01-02 16:14:49.796 529-529/? D/NetworkSecurityConfig: Using Network Security Config from resource network_security_config debugBuild: false
2023-01-02 16:14:49.797 529-529/? D/NetworkSecurityConfig: Using Network Security Config from resource network_security_config debugBuild: false
2023-01-02 16:14:49.810 1844-2564/? D/OplusSmartBrightnessController: handleMessage MSG_LUX_CHANGED, mLux:31.641745
2023-01-02 16:14:49.825 1844-9411/? D/ConnectivityService: requestNetwork for uid/pid:10095/529 activeRequest: null callbackRequest: 320628 [NetworkRequest [ REQUEST id=320629, [ Capabilities: INTERNET&NOT_RESTRICTED&TRUSTED&NOT_VCN_MANAGED Uid: 10095 RequestorUid: 10095 RequestorPkg: com.oplus.cota UnderlyingNetworks: Null] ]] callback flags: 0 order: 2147483647
2023-01-02 16:14:49.825 529-529/? D/CompatibilityChangeReporter: Compat change id reported: 183155436; UID 10095; state: ENABLED
2023-01-02 16:14:49.827 529-529/? D/OplusActivityManager: get AMS extension: android.os.BinderProxy@585fd4e
2023-01-02 16:14:49.828 1844-3382/? D/WifiNetworkFactory: got request NetworkRequest [ REQUEST id=320629, [ Capabilities: INTERNET&NOT_RESTRICTED&TRUSTED&NOT_VCN_MANAGED Uid: 10095 RequestorUid: 10095 RequestorPkg: com.oplus.cota UnderlyingNetworks: Null] ]
2023-01-02 16:14:49.828 1844-3382/? D/UntrustedWifiNetworkFactory: got request NetworkRequest [ REQUEST id=320629, [ Capabilities: INTERNET&NOT_RESTRICTED&TRUSTED&NOT_VCN_MANAGED Uid: 10095 RequestorUid: 10095 RequestorPkg: com.oplus.cota UnderlyingNetworks: Null] ]
2023-01-02 16:14:49.828 1844-3382/? D/OemPaidWifiNetworkFactory: got request NetworkRequest [ REQUEST id=320629, [ Capabilities: INTERNET&NOT_RESTRICTED&TRUSTED&NOT_VCN_MANAGED Uid: 10095 RequestorUid: 10095 RequestorPkg: com.oplus.cota UnderlyingNetworks: Null] ]
2023-01-02 16:14:49.829 1844-3382/? D/MultiInternetWifiNetworkFactory: got request NetworkRequest [ REQUEST id=320629, [ Capabilities: INTERNET&NOT_RESTRICTED&TRUSTED&NOT_VCN_MANAGED Uid: 10095 RequestorUid: 10095 RequestorPkg: com.oplus.cota UnderlyingNetworks: Null] ]
2023-01-02 16:14:49.829 1844-3416/? D/ConnectivityService: NetReassign [320629 : null → 1497] [c 0] [a 3] [i 1]
2023-01-02 16:14:49.833 12006-32176/com.xiaomi.athena_remocons I/CyberDogClient: publishDecissage.{"angular_":{"x_":0.0,"y_":0.0,"z_":0.14946478780089567,"memoizedSerializedSize":-1,"unknownFields":{"count":0,"isMutable":false,"memoizedSerializedSize":0,"objects":[],"tags":[]},"memoizedHashCode":0},"linear_":{"x_":0.2966301374755154,"y_":0.0,"z_":0.0,"memoizedSerializedSize":-1,"unknownFields":{"count":0,"isMutable":false,"memoizedSerializedSize":0,"objects":[],"tags":[]},"memoizedHashCode":0},"memoizedSerializedSize":-1,"unknownFields":{"count":0,"isMutable":false,"memoizedSerializedSize":0,"objects":[],"tags":[]},"memoizedHashCode":0}
2023-01-02 16:14:49.853 1844-3341/? D/PowerManagerService: userActivityNoUpdateLocked: groupId=0, eventTime=2509416120, event=2, flags=0x0, uid=1000
2023-01-02 16:14:49.856 12006-527/com.xiaomi.athena_remocons I/CyberDogClient: publishDecissage completed.
2023-01-02 16:14:49.860 1844-3407/? E/OplusArpPeer_euclid_psw: ARP read failure: android.system.ErrnoException: read failed: EAGAIN (Try again)
2023-01-02 16:14:49.861 1844-3407/? E/OplusArpPeer_euclid_psw:  OplusArpPeer close
2023-01-02 16:14:49.884 12006-32176/com.xiaomi.athena_remocons I/CyberDogClient: publishDecissage.{"angular_":{"x_":0.0,"y_":0.0,"z_":0.13391789059307424,"memoizedSerializedSize":-1,"unknownFields":{"count":0,"isMutable":false,"memoizedSerializedSize":0,"objects":[],"tags":[]},"memoizedHashCode":0},"linear_":{"x_":0.2972977397813089,"y_":0.0,"z_":0.0,"memoizedSerializedSize":-1,"unknownFields":{"count":0,"isMutable":false,"memoizedSerializedSize":0,"objects":[],"tags":[]},"memoizedHashCode":0},"memoizedSerializedSize":-1,"unknownFields":{"count":0,"isMutable":false,"memoizedSerializedSize":0,"objects":[],"tags":[]},"memoizedHashCode":0}
2023-01-02 16:14:49.918 12006-12006/com.xiaomi.athena_remocons I/MainFragment: mode=3 pattern=7 order=0 mode type=0 error flag=0 isError=false isCharging=false lowBattery=0
2023-01-02 16:14:49.934 12006-32176/com.xiaomi.athena_remocons I/CyberDogClient: publishDecissage.{"angular_":{"x_":0.0,"y_":0.0,"z_":0.12261975494338095,"memoizedSerializedSize":-1,"unknownFields":{"count":0,"isMutable":false,"memoizedSerializedSize":0,"objects":[],"tags":[]},"memoizedHashCode":0},"linear_":{"x_":0.29773611710309694,"y_":0.0,"z_":0.0,"memoizedSerializedSize":-1,"unknownFields":{"count":0,"isMutable":false,"memoizedSerializedSize":0,"objects":[],"tags":[]},"memoizedHashCode":0},"memoizedSerializedSize":-1,"unknownFields":{"count":0,"isMutable":false,"memoizedSerializedSize":0,"objects":[],"tags":[]},"memoizedHashCode":0}
2023-01-02 16:14:49.938 529-529/? D/CompatibilityChangeReporter: Compat change id reported: 194532703; UID 10095; state: ENABLED
2023-01-02 16:14:49.941 1844-4104/? D/CompatibilityChangeReporter: Compat change id reported: 194532703; UID 10095; state: ENABLED
2023-01-02 16:14:49.957 1844-3341/? D/PowerManagerService: userActivityNoUpdateLocked: groupId=0, eventTime=2509416224, event=2, flags=0x0, uid=1000
2023-01-02 16:14:49.984 12006-32176/com.xiaomi.athena_remocons I/CyberDogClient: publishDecissage.{"angular_":{"x_":0.0,"y_":0.0,"z_":0.10789360317481034,"memoizedSerializedSize":-1,"unknownFields":{"count":0,"isMutable":false,"memoizedSerializedSize":0,"objects":[],"tags":[]},"memoizedHashCode":0},"linear_":{"x_":0.29824877908596076,"y_":0.0,"z_":0.0,"memoizedSerializedSize":-1,"unknownFields":{"count":0,"isMutable":false,"memoizedSerializedSize":0,"objects":[],"tags":[]},"memoizedHashCode":0},"memoizedSerializedSize":-1,"unknownFields":{"count":0,"isMutable":false,"memoizedSerializedSize":0,"objects":[],"tags":[]},"memoizedHashCode":0}
2023-01-02 16:14:50.008 12006-527/com.xiaomi.athena_remocons I/CyberDogClient: publishDecissage completed.
2023-01-02 16:14:50.009 12006-526/com.xiaomi.athena_remocons I/CyberDogClient: publishDecissage completed.
2023-01-02 16:14:50.010 12006-527/com.xiaomi.athena_remocons I/CyberDogClient: publishDecissage completed.
2023-01-02 16:14:50.033 12006-32176/com.xiaomi.athena_remocons I/CyberDogClient: publishDecissage.{"angular_":{"x_":0.0,"y_":0.0,"z_":0.09262337438722312,"memoizedSerializedSize":-1,"unknownFields":{"count":0,"isMutable":false,"memoizedSerializedSize":0,"objects":[],"tags":[]},"memoizedHashCode":0},"linear_":{"x_":0.29871040268767346,"y_":0.0,"z_":0.0,"memoizedSerializedSize":-1,"unknownFields":{"count":0,"isMutable":false,"memoizedSerializedSize":0,"objects":[],"tags":[]},"memoizedHashCode":0},"memoizedSerializedSize":-1,"unknownFields":{"count":0,"isMutable":false,"memoizedSerializedSize":0,"objects":[],"tags":[]},"memoizedHashCode":0}
2023-01-02 16:14:50.057 12006-527/com.xiaomi.athena_remocons I/CyberDogClient: publishDecissage completed.
2023-01-02 16:14:50.062 1844-3341/? D/PowerManagerService: userActivityNoUpdateLocked: groupId=0, eventTime=2509416328, event=2, flags=0x0, uid=1000
2023-01-02 16:14:50.084 12006-32176/com.xiaomi.athena_remocons I/CyberDogClient: publishDecissage.{"angular_":{"x_":0.0,"y_":0.0,"z_":0.066003615918937,"memoizedSerializedSize":-1,"unknownFields":{"count":0,"isMutable":false,"memoizedSerializedSize":0,"objects":[],"tags":[]},"memoizedHashCode":0},"linear_":{"x_":0.29934582652770225,"y_":0.0,"z_":0.0,"memoizedSerializedSize":-1,"unknownFields":{"count":0,"isMutable":false,"memoizedSerializedSize":0,"objects":[],"tags":[]},"memoizedHashCode":0},"memoizedSerializedSize":-1,"unknownFields":{"count":0,"isMutable":false,"memoizedSerializedSize":0,"objects":[],"tags":[]},"memoizedHashCode":0}
2023-01-02 16:14:50.108 12006-527/com.xiaomi.athena_remocons I/CyberDogClient: publishDecissage completed.
2023-01-02 16:14:50.134 12006-32176/com.xiaomi.athena_remocons I/CyberDogClient: publishDecissage.{"angular_":{"x_":0.0,"y_":0.0,"z_":0.019527525727420225,"memoizedSerializedSize":-1,"unknownFields":{"count":0,"isMutable":false,"memoizedSerializedSize":0,"objects":[],"tags":[]},"memoizedHashCode":0},"linear_":{"x_":0.2999427934598672,"y_":0.0,"z_":0.0,"memoizedSerializedSize":-1,"unknownFields":{"count":0,"isMutable":false,"memoizedSerializedSize":0,"objects":[],"tags":[]},"memoizedHashCode":0},"memoizedSerializedSize":-1,"unknownFields":{"count":0,"isMutable":false,"memoizedSerializedSize":0,"objects":[],"tags":[]},"memoizedHashCode":0}
2023-01-02 16:14:50.147 12006-527/com.xiaomi.athena_remocons I/CyberDogClient: publishDecissage completed.
2023-01-02 16:14:50.163 12006-12006/com.xiaomi.athena_remocons I/HandlerManager: Receive handler status={"address_":"","error_":"","remoteStatus_":10,"scanDeviceInfo_":"","scanStatus_":1,"memoizedSerializedSize":-1,"unknownFields":{"count":0,"isMutable":false,"memoizedSerializedSize":0,"objects":[],"tags":[]},"memoizedHashCode":0}，create=false，click=false
2023-01-02 16:14:50.166 1844-3341/? D/PowerManagerService: userActivityNoUpdateLocked: groupId=0, eventTime=2509416433, event=2, flags=0x0, uid=1000
2023-01-02 16:14:50.184 12006-32176/com.xiaomi.athena_remocons I/CyberDogClient: publishDecissage.{"angular_":{"x_":0.0,"y_":0.0,"z_":-0.039651332406452466,"memoizedSerializedSize":-1,"unknownFields":{"count":0,"isMutable":false,"memoizedSerializedSize":0,"objects":[],"tags":[]},"memoizedHashCode":0},"linear_":{"x_":0.29976407668678,"y_":0.0,"z_":0.0,"memoizedSerializedSize":-1,"unknownFields":{"count":0,"isMutable":false,"memoizedSerializedSize":0,"objects":[],"tags":[]},"memoizedHashCode":0},"memoizedSerializedSize":-1,"unknownFields":{"count":0,"isMutable":false,"memoizedSerializedSize":0,"objects":[],"tags":[]},"memoizedHashCode":0}
2023-01-02 16:14:50.197 12006-527/com.xiaomi.athena_remocons I/CyberDogClient: publishDecissage completed.
2023-01-02 16:14:50.234 12006-32176/com.xiaomi.athena_remocons I/CyberDogClient: publishDecissage.{"angular_":{"x_":0.0,"y_":0.0,"z_":-0.1002981252975843,"memoizedSerializedSize":-1,"unknownFields":{"count":0,"isMutable":false,"memoizedSerializedSize":0,"objects":[],"tags":[]},"memoizedHashCode":0},"linear_":{"x_":0.2984872355471107,"y_":0.0,"z_":0.0,"memoizedSerializedSize":-1,"unknownFields":{"count":0,"isMutable":false,"memoizedSerializedSize":0,"objects":[],"tags":[]},"memoizedHashCode":0},"memoizedSerializedSize":-1,"unknownFields":{"count":0,"isMutable":false,"memoizedSerializedSize":0,"objects":[],"tags":[]},"memoizedHashCode":0}
2023-01-02 16:14:50.243 12006-527/com.xiaomi.athena_remocons I/CyberDogClient: publishDecissage completed.
2023-01-02 16:14:50.270 1844-3341/? D/PowerManagerService: userActivityNoUpdateLocked: groupId=0, eventTime=2509416537, event=2, flags=0x0, uid=1000
2023-01-02 16:14:50.284 12006-32176/com.xiaomi.athena_remocons I/CyberDogClient: publishDecissage.{"angular_":{"x_":0.0,"y_":0.0,"z_":-0.14873358415611904,"memoizedSerializedSize":-1,"unknownFields":{"count":0,"isMutable":false,"memoizedSerializedSize":0,"objects":[],"tags":[]},"memoizedHashCode":0},"linear_":{"x_":0.2966632157288521,"y_":0.0,"z_":0.0,"memoizedSerializedSize":-1,"unknownFields":{"count":0,"isMutable":false,"memoizedSerializedSize":0,"objects":[],"tags":[]},"memoizedHashCode":0},"memoizedSerializedSize":-1,"unknownFields":{"count":0,"isMutable":false,"memoizedSerializedSize":0,"objects":[],"tags":[]},"memoizedHashCode":0}
2023-01-02 16:14:50.294 12006-527/com.xiaomi.athena_remocons I/CyberDogClient: publishDecissage completed.
2023-01-02 16:14:50.334 12006-32176/com.xiaomi.athena_remocons I/CyberDogClient: publishDecissage.{"angular_":{"x_":0.0,"y_":0.0,"z_":-0.18840133375513535,"memoizedSerializedSize":-1,"unknownFields":{"count":0,"isMutable":false,"memoizedSerializedSize":0,"objects":[],"tags":[]},"memoizedHashCode":0},"linear_":{"x_":0.29462765478533587,"y_":0.0,"z_":0.0,"memoizedSerializedSize":-1,"unknownFields":{"count":0,"isMutable":false,"memoizedSerializedSize":0,"objects":[],"tags":[]},"memoizedHashCode":0},"memoizedSerializedSize":-1,"unknownFields":{"count":0,"isMutable":false,"memoizedSerializedSize":0,"objects":[],"tags":[]},"memoizedHashCode":0}
2023-01-02 16:14:50.355 12006-527/com.xiaomi.athena_remocons I/CyberDogClient: publishDecissage completed.
2023-01-02 16:14:50.375 1844-3341/? D/PowerManagerService: userActivityNoUpdateLocked: groupId=0, eventTime=2509416641, event=2, flags=0x0, uid=1000
2023-01-02 16:14:50.384 12006-32176/com.xiaomi.athena_remocons I/CyberDogClient: publishDecissage.{"angular_":{"x_":0.0,"y_":0.0,"z_":-0.2160830056996499,"memoizedSerializedSize":-1,"unknownFields":{"count":0,"isMutable":false,"memoizedSerializedSize":0,"objects":[],"tags":[]},"memoizedHashCode":0},"linear_":{"x_":0.29291252465695194,"y_":0.0,"z_":0.0,"memoizedSerializedSize":-1,"unknownFields":{"count":0,"isMutable":false,"memoizedSerializedSize":0,"objects":[],"tags":[]},"memoizedHashCode":0},"memoizedSerializedSize":-1,"unknownFields":{"count":0,"isMutable":false,"memoizedSerializedSize":0,"objects":[],"tags":[]},"memoizedHashCode":0}
2023-01-02 16:14:50.409 12006-527/com.xiaomi.athena_remocons I/CyberDogClient: publishDecissage completed.
2023-01-02 16:14:50.433 12006-32176/com.xiaomi.athena_remocons I/CyberDogClient: publishDecissage.{"angular_":{"x_":0.0,"y_":0.0,"z_":-0.23878811798658361,"memoizedSerializedSize":-1,"unknownFields":{"count":0,"isMutable":false,"memoizedSerializedSize":0,"objects":[],"tags":[]},"memoizedHashCode":0},"linear_":{"x_":0.29132150973167015,"y_":0.0,"z_":0.0,"memoizedSerializedSize":-1,"unknownFields":{"count":0,"isMutable":false,"memoizedSerializedSize":0,"objects":[],"tags":[]},"memoizedHashCode":0},"memoizedSerializedSize":-1,"unknownFields":{"count":0,"isMutable":false,"memoizedSerializedSize":0,"objects":[],"tags":[]},"memoizedHashCode":0}
2023-01-02 16:14:50.453 12006-527/com.xiaomi.athena_remocons I/CyberDogClient: publishDecissage completed.
2023-01-02 16:14:50.479 1844-3341/? D/PowerManagerService: userActivityNoUpdateLocked: groupId=0, eventTime=2509416745, event=2, flags=0x0, uid=1000
2023-01-02 16:14:50.483 12006-32176/com.xiaomi.athena_remocons I/CyberDogClient: publishDecissage.{"angular_":{"x_":0.0,"y_":0.0,"z_":-0.261108328875169,"memoizedSerializedSize":-1,"unknownFields":{"count":0,"isMutable":false,"memoizedSerializedSize":0,"objects":[],"tags":[]},"memoizedHashCode":0},"linear_":{"x_":0.2895928795970626,"y_":0.0,"z_":0.0,"memoizedSerializedSize":-1,"unknownFields":{"count":0,"isMutable":false,"memoizedSerializedSize":0,"objects":[],"tags":[]},"memoizedHashCode":0},"memoizedSerializedSize":-1,"unknownFields":{"count":0,"isMutable":false,"memoizedSerializedSize":0,"objects":[],"tags":[]},"memoizedHashCode":0}
2023-01-02 16:14:50.534 12006-32176/com.xiaomi.athena_remocons I/CyberDogClient: publishDecissage.{"angular_":{"x_":0.0,"y_":0.0,"z_":-0.2819543097185999,"memoizedSerializedSize":-1,"unknownFields":{"count":0,"isMutable":false,"memoizedSerializedSize":0,"objects":[],"tags":[]},"memoizedHashCode":0},"linear_":{"x_":0.287828379241774,"y_":0.0,"z_":0.0,"memoizedSerializedSize":-1,"unknownFields":{"count":0,"isMutable":false,"memoizedSerializedSize":0,"objects":[],"tags":[]},"memoizedHashCode":0},"memoizedSerializedSize":-1,"unknownFields":{"count":0,"isMutable":false,"memoizedSerializedSize":0,"objects":[],"tags":[]},"memoizedHashCode":0}
2023-01-02 16:14:50.561 12006-527/com.xiaomi.athena_remocons I/CyberDogClient: publishDecissage completed.
2023-01-02 16:14:50.562 12006-527/com.xiaomi.athena_remocons I/CyberDogClient: publishDecissage completed.
2023-01-02 16:14:50.583 1844-3341/? D/PowerManagerService: userActivityNoUpdateLocked: groupId=0, eventTime=2509416850, event=2, flags=0x0, uid=1000
2023-01-02 16:14:50.584 12006-32176/com.xiaomi.athena_remocons I/CyberDogClient: publishDecissage.{"angular_":{"x_":0.0,"y_":0.0,"z_":-0.303364190574948,"memoizedSerializedSize":-1,"unknownFields":{"count":0,"isMutable":false,"memoizedSerializedSize":0,"objects":[],"tags":[]},"memoizedHashCode":0},"linear_":{"x_":0.28586243160731134,"y_":0.0,"z_":0.0,"memoizedSerializedSize":-1,"unknownFields":{"count":0,"isMutable":false,"memoizedSerializedSize":0,"objects":[],"tags":[]},"memoizedHashCode":0},"memoizedSerializedSize":-1,"unknownFields":{"count":0,"isMutable":false,"memoizedSerializedSize":0,"objects":[],"tags":[]},"memoizedHashCode":0}
2023-01-02 16:14:50.593 12006-527/com.xiaomi.athena_remocons I/CyberDogClient: publishDecissage completed.
2023-01-02 16:14:50.628 1372-32062/? I/sensors-hal: handle_sns_std_sensor_event:177, rgb sample: cct_avg:3270, red_raw:55, green_raw:33, blue_raw:31, clear_raw:105, wide_raw:0
2023-01-02 16:14:50.629 1372-32062/? I/sensors-hal: handle_sns_std_sensor_event:179, rgb sample: cur_cct:3329, calc_ir:56, lux:34, again:0, atime:0, ts=3389333843869113
2023-01-02 16:14:50.630 1844-2564/? D/OplusSmartBrightnessController: handleMessage MSG_LUX_CHANGED, mLux:34.0
2023-01-02 16:14:50.634 12006-32176/com.xiaomi.athena_remocons I/CyberDogClient: publishDecissage.{"angular_":{"x_":0.0,"y_":0.0,"z_":-0.3185577057456417,"memoizedSerializedSize":-1,"unknownFields":{"count":0,"isMutable":false,"memoizedSerializedSize":0,"objects":[],"tags":[]},"memoizedHashCode":0},"linear_":{"x_":0.28437104759101217,"y_":0.0,"z_":0.0,"memoizedSerializedSize":-1,"unknownFields":{"count":0,"isMutable":false,"memoizedSerializedSize":0,"objects":[],"tags":[]},"memoizedHashCode":0},"memoizedSerializedSize":-1,"unknownFields":{"count":0,"isMutable":false,"memoizedSerializedSize":0,"objects":[],"tags":[]},"memoizedHashCode":0}
2023-01-02 16:14:50.661 12006-526/com.xiaomi.athena_remocons I/CyberDogClient: publishDecissage completed.
2023-01-02 16:14:50.684 12006-32176/com.xiaomi.athena_remocons I/CyberDogClient: publishDecissage.{"angular_":{"x_":0.0,"y_":0.0,"z_":-0.32670978800497963,"memoizedSerializedSize":-1,"unknownFields":{"count":0,"isMutable":false,"memoizedSerializedSize":0,"objects":[],"tags":[]},"memoizedHashCode":0},"linear_":{"x_":0.28353743018580546,"y_":0.0,"z_":0.0,"memoizedSerializedSize":-1,"unknownFields":{"count":0,"isMutable":false,"memoizedSerializedSize":0,"objects":[],"tags":[]},"memoizedHashCode":0},"memoizedSerializedSize":-1,"unknownFields":{"count":0,"isMutable":false,"memoizedSerializedSize":0,"objects":[],"tags":[]},"memoizedHashCode":0}
2023-01-02 16:14:50.688 1844-3341/? D/PowerManagerService: userActivityNoUpdateLocked: groupId=0, eventTime=2509416954, event=2, flags=0x0, uid=1000
2023-01-02 16:14:50.694 12006-526/com.xiaomi.athena_remocons I/CyberDogClient: publishDecissage completed.
2023-01-02 16:14:50.734 12006-32176/com.xiaomi.athena_remocons I/CyberDogClient: publishDecissage.{"angular_":{"x_":0.0,"y_":0.0,"z_":-0.3336316798165697,"memoizedSerializedSize":-1,"unknownFields":{"count":0,"isMutable":false,"memoizedSerializedSize":0,"objects":[],"tags":[]},"memoizedHashCode":0},"linear_":{"x_":0.2828110551940191,"y_":0.0,"z_":0.0,"memoizedSerializedSize":-1,"unknownFields":{"count":0,"isMutable":false,"memoizedSerializedSize":0,"objects":[],"tags":[]},"memoizedHashCode":0},"memoizedSerializedSize":-1,"unknownFields":{"count":0,"isMutable":false,"memoizedSerializedSize":0,"objects":[],"tags":[]},"memoizedHashCode":0}
2023-01-02 16:14:50.746 12006-526/com.xiaomi.athena_remocons I/CyberDogClient: publishDecissage completed.
2023-01-02 16:14:50.784 12006-32176/com.xiaomi.athena_remocons I/CyberDogClient: publishDecissage.{"angular_":{"x_":0.0,"y_":0.0,"z_":-0.3336316798165697,"memoizedSerializedSize":-1,"unknownFields":{"count":0,"isMutable":false,"memoizedSerializedSize":0,"objects":[],"tags":[]},"memoizedHashCode":0},"linear_":{"x_":0.2828110551940191,"y_":0.0,"z_":0.0,"memoizedSerializedSize":-1,"unknownFields":{"count":0,"isMutable":false,"memoizedSerializedSize":0,"objects":[],"tags":[]},"memoizedHashCode":0},"memoizedSerializedSize":-1,"unknownFields":{"count":0,"isMutable":false,"memoizedSerializedSize":0,"objects":[],"tags":[]},"memoizedHashCode":0}
2023-01-02 16:14:50.793 12006-526/com.xiaomi.athena_remocons I/CyberDogClient: publishDecissage completed.
2023-01-02 16:14:50.835 12006-32176/com.xiaomi.athena_remocons I/CyberDogClient: publishDecissage.{"angular_":{"x_":0.0,"y_":0.0,"z_":-0.3336316798165697,"memoizedSerializedSize":-1,"unknownFields":{"count":0,"isMutable":false,"memoizedSerializedSize":0,"objects":[],"tags":[]},"memoizedHashCode":0},"linear_":{"x_":0.2828110551940191,"y_":0.0,"z_":0.0,"memoizedSerializedSize":-1,"unknownFields":{"count":0,"isMutable":false,"memoizedSerializedSize":0,"objects":[],"tags":[]},"memoizedHashCode":0},"memoizedSerializedSize":-1,"unknownFields":{"count":0,"isMutable":false,"memoizedSerializedSize":0,"objects":[],"tags":[]},"memoizedHashCode":0}
2023-01-02 16:14:50.846 12006-526/com.xiaomi.athena_remocons I/CyberDogClient: publishDecissage completed.
2023-01-02 16:14:50.884 12006-32176/com.xiaomi.athena_remocons I/CyberDogClient: publishDecissage.{"angular_":{"x_":0.0,"y_":0.0,"z_":-0.3336316798165697,"memoizedSerializedSize":-1,"unknownFields":{"count":0,"isMutable":false,"memoizedSerializedSize":0,"objects":[],"tags":[]},"memoizedHashCode":0},"linear_":{"x_":0.2828110551940191,"y_":0.0,"z_":0.0,"memoizedSerializedSize":-1,"unknownFields":{"count":0,"isMutable":false,"memoizedSerializedSize":0,"objects":[],"tags":[]},"memoizedHashCode":0},"memoizedSerializedSize":-1,"unknownFields":{"count":0,"isMutable":false,"memoizedSerializedSize":0,"objects":[],"tags":[]},"memoizedHashCode":0}
2023-01-02 16:14:50.899 12006-526/com.xiaomi.athena_remocons I/CyberDogClient: publishDecissage completed.
2023-01-02 16:14:50.934 12006-32176/com.xiaomi.athena_remocons I/CyberDogClient: publishDecissage.{"angular_":{"x_":0.0,"y_":0.0,"z_":-0.3336316798165697,"memoizedSerializedSize":-1,"unknownFields":{"count":0,"isMutable":false,"memoizedSerializedSize":0,"objects":[],"tags":[]},"memoizedHashCode":0},"linear_":{"x_":0.2828110551940191,"y_":0.0,"z_":0.0,"memoizedSerializedSize":-1,"unknownFields":{"count":0,"isMutable":false,"memoizedSerializedSize":0,"objects":[],"tags":[]},"memoizedHashCode":0},"memoizedSerializedSize":-1,"unknownFields":{"count":0,"isMutable":false,"memoizedSerializedSize":0,"objects":[],"tags":[]},"memoizedHashCode":0}
2023-01-02 16:14:50.966 12006-526/com.xiaomi.athena_remocons I/CyberDogClient: publishDecissage completed.
2023-01-02 16:14:50.985 12006-32176/com.xiaomi.athena_remocons I/CyberDogClient: publishDecissage.{"angular_":{"x_":0.0,"y_":0.0,"z_":-0.3336316798165697,"memoizedSerializedSize":-1,"unknownFields":{"count":0,"isMutable":false,"memoizedSerializedSize":0,"objects":[],"tags":[]},"memoizedHashCode":0},"linear_":{"x_":0.2828110551940191,"y_":0.0,"z_":0.0,"memoizedSerializedSize":-1,"unknownFields":{"count":0,"isMutable":false,"memoizedSerializedSize":0,"objects":[],"tags":[]},"memoizedHashCode":0},"memoizedSerializedSize":-1,"unknownFields":{"count":0,"isMutable":false,"memoizedSerializedSize":0,"objects":[],"tags":[]},"memoizedHashCode":0}
2023-01-02 16:14:50.986 1844-3341/? D/PowerManagerService: userActivityNoUpdateLocked: groupId=0, eventTime=2509417251, event=2, flags=0x0, uid=1000
2023-01-02 16:14:51.035 12006-32176/com.xiaomi.athena_remocons I/CyberDogClient: publishDecissage.{"angular_":{"x_":0.0,"y_":0.0,"z_":-0.3348560373800993,"memoizedSerializedSize":-1,"unknownFields":{"count":0,"isMutable":false,"memoizedSerializedSize":0,"objects":[],"tags":[]},"memoizedHashCode":0},"linear_":{"x_":0.2826808107151906,"y_":0.0,"z_":0.0,"memoizedSerializedSize":-1,"unknownFields":{"count":0,"isMutable":false,"memoizedSerializedSize":0,"objects":[],"tags":[]},"memoizedHashCode":0},"memoizedSerializedSize":-1,"unknownFields":{"count":0,"isMutable":false,"memoizedSerializedSize":0,"objects":[],"tags":[]},"memoizedHashCode":0}
2023-01-02 16:14:51.039 12006-526/com.xiaomi.athena_remocons I/CyberDogClient: publishDecissage completed.
2023-01-02 16:14:51.042 12006-526/com.xiaomi.athena_remocons I/CyberDogClient: publishDecissage completed.
2023-01-02 16:14:51.085 12006-32176/com.xiaomi.athena_remocons I/CyberDogClient: publishDecissage.{"angular_":{"x_":0.0,"y_":0.0,"z_":-0.3348560373800993,"memoizedSerializedSize":-1,"unknownFields":{"count":0,"isMutable":false,"memoizedSerializedSize":0,"objects":[],"tags":[]},"memoizedHashCode":0},"linear_":{"x_":0.2826808107151906,"y_":0.0,"z_":0.0,"memoizedSerializedSize":-1,"unknownFields":{"count":0,"isMutable":false,"memoizedSerializedSize":0,"objects":[],"tags":[]},"memoizedHashCode":0},"memoizedSerializedSize":-1,"unknownFields":{"count":0,"isMutable":false,"memoizedSerializedSize":0,"objects":[],"tags":[]},"memoizedHashCode":0}
2023-01-02 16:14:51.094 12006-526/com.xiaomi.athena_remocons I/CyberDogClient: publishDecissage completed.
2023-01-02 16:14:51.136 12006-32176/com.xiaomi.athena_remocons I/CyberDogClient: publishDecissage.{"angular_":{"x_":0.0,"y_":0.0,"z_":-0.3348560373800993,"memoizedSerializedSize":-1,"unknownFields":{"count":0,"isMutable":false,"memoizedSerializedSize":0,"objects":[],"tags":[]},"memoizedHashCode":0},"linear_":{"x_":0.2826808107151906,"y_":0.0,"z_":0.0,"memoizedSerializedSize":-1,"unknownFields":{"count":0,"isMutable":false,"memoizedSerializedSize":0,"objects":[],"tags":[]},"memoizedHashCode":0},"memoizedSerializedSize":-1,"unknownFields":{"count":0,"isMutable":false,"memoizedSerializedSize":0,"objects":[],"tags":[]},"memoizedHashCode":0}
2023-01-02 16:14:51.154 1844-3341/? D/PowerManagerService: userActivityNoUpdateLocked: groupId=0, eventTime=2509417419, event=2, flags=0x0, uid=1000
2023-01-02 16:14:51.165 12006-526/com.xiaomi.athena_remocons I/CyberDogClient: publishDecissage completed.
2023-01-02 16:14:51.186 12006-32176/com.xiaomi.athena_remocons I/CyberDogClient: publishDecissage.{"angular_":{"x_":0.0,"y_":0.0,"z_":-0.32670978800497963,"memoizedSerializedSize":-1,"unknownFields":{"count":0,"isMutable":false,"memoizedSerializedSize":0,"objects":[],"tags":[]},"memoizedHashCode":0},"linear_":{"x_":0.28353743018580546,"y_":0.0,"z_":0.0,"memoizedSerializedSize":-1,"unknownFields":{"count":0,"isMutable":false,"memoizedSerializedSize":0,"objects":[],"tags":[]},"memoizedHashCode":0},"memoizedSerializedSize":-1,"unknownFields":{"count":0,"isMutable":false,"memoizedSerializedSize":0,"objects":[],"tags":[]},"memoizedHashCode":0}
2023-01-02 16:14:51.203 12006-526/com.xiaomi.athena_remocons I/CyberDogClient: publishDecissage completed.
2023-01-02 16:14:51.226 12006-12006/com.xiaomi.athena_remocons I/HandlerManager: Receive handler status={"address_":"","error_":"","remoteStatus_":10,"scanDeviceInfo_":"","scanStatus_":3,"memoizedSerializedSize":-1,"unknownFields":{"count":0,"isMutable":false,"memoizedSerializedSize":0,"objects":[],"tags":[]},"memoizedHashCode":0}，create=false，click=false
2023-01-02 16:14:51.227 12006-12006/com.xiaomi.athena_remocons I/MainFragment: mode=3 pattern=7 order=0 mode type=0 error flag=0 isError=false isCharging=false lowBattery=0
2023-01-02 16:14:51.237 12006-32176/com.xiaomi.athena_remocons I/CyberDogClient: publishDecissage.{"angular_":{"x_":0.0,"y_":0.0,"z_":-0.23704564571380615,"memoizedSerializedSize":-1,"unknownFields":{"count":0,"isMutable":false,"memoizedSerializedSize":0,"objects":[],"tags":[]},"memoizedHashCode":0},"linear_":{"x_":0.2914495676449466,"y_":0.0,"z_":0.0,"memoizedSerializedSize":-1,"unknownFields":{"count":0,"isMutable":false,"memoizedSerializedSize":0,"objects":[],"tags":[]},"memoizedHashCode":0},"memoizedSerializedSize":-1,"unknownFields":{"count":0,"isMutable":false,"memoizedSerializedSize":0,"objects":[],"tags":[]},"memoizedHashCode":0}
2023-01-02 16:14:51.251 12006-526/com.xiaomi.athena_remocons I/CyberDogClient: publishDecissage completed.
2023-01-02 16:14:51.257 1844-3341/? D/PowerManagerService: userActivityNoUpdateLocked: groupId=0, eventTime=2509417524, event=2, flags=0x0, uid=1000
2023-01-02 16:14:51.287 12006-32176/com.xiaomi.athena_remocons I/CyberDogClient: publishDecissage.{"angular_":{"x_":0.0,"y_":0.0,"z_":-0.1121288556369322,"memoizedSerializedSize":-1,"unknownFields":{"count":0,"isMutable":false,"memoizedSerializedSize":0,"objects":[],"tags":[]},"memoizedHashCode":0},"linear_":{"x_":0.29810810654959496,"y_":0.0,"z_":0.0,"memoizedSerializedSize":-1,"unknownFields":{"count":0,"isMutable":false,"memoizedSerializedSize":0,"objects":[],"tags":[]},"memoizedHashCode":0},"memoizedSerializedSize":-1,"unknownFields":{"count":0,"isMutable":false,"memoizedSerializedSize":0,"objects":[],"tags":[]},"memoizedHashCode":0}
2023-01-02 16:14:51.300 12006-526/com.xiaomi.athena_remocons I/CyberDogClient: publishDecissage completed.
2023-01-02 16:14:51.337 12006-32176/com.xiaomi.athena_remocons I/CyberDogClient: publishDecissage.{"angular_":{"x_":0.0,"y_":0.0,"z_":-0.003952537915710763,"memoizedSerializedSize":-1,"unknownFields":{"count":0,"isMutable":false,"memoizedSerializedSize":0,"objects":[],"tags":[]},"memoizedHashCode":0},"linear_":{"x_":0.29999766101027814,"y_":0.0,"z_":0.0,"memoizedSerializedSize":-1,"unknownFields":{"count":0,"isMutable":false,"memoizedSerializedSize":0,"objects":[],"tags":[]},"memoizedHashCode":0},"memoizedSerializedSize":-1,"unknownFields":{"count":0,"isMutable":false,"memoizedSerializedSize":0,"objects":[],"tags":[]},"memoizedHashCode":0}
2023-01-02 16:14:51.349 12006-526/com.xiaomi.athena_remocons I/CyberDogClient: publishDecissage completed.
2023-01-02 16:14:51.361 1844-3341/? D/PowerManagerService: userActivityNoUpdateLocked: groupId=0, eventTime=2509417628, event=2, flags=0x0, uid=1000
2023-01-02 16:14:51.388 12006-32176/com.xiaomi.athena_remocons I/CyberDogClient: publishDecissage.{"angular_":{"x_":0.0,"y_":0.0,"z_":0.0803841910810732,"memoizedSerializedSize":-1,"unknownFields":{"count":0,"isMutable":false,"memoizedSerializedSize":0,"objects":[],"tags":[]},"memoizedHashCode":0},"linear_":{"x_":0.2990292000735368,"y_":0.0,"z_":0.0,"memoizedSerializedSize":-1,"unknownFields":{"count":0,"isMutable":false,"memoizedSerializedSize":0,"objects":[],"tags":[]},"memoizedHashCode":0},"memoizedSerializedSize":-1,"unknownFields":{"count":0,"isMutable":false,"memoizedSerializedSize":0,"objects":[],"tags":[]},"memoizedHashCode":0}
2023-01-02 16:14:51.399 12006-526/com.xiaomi.athena_remocons I/CyberDogClient: publishDecissage completed.
2023-01-02 16:14:51.438 12006-32176/com.xiaomi.athena_remocons I/CyberDogClient: publishDecissage.{"angular_":{"x_":0.0,"y_":0.0,"z_":0.1425617423160368,"memoizedSerializedSize":-1,"unknownFields":{"count":0,"isMutable":false,"memoizedSerializedSize":0,"objects":[],"tags":[]},"memoizedHashCode":0},"linear_":{"x_":0.29693577120164977,"y_":0.0,"z_":0.0,"memoizedSerializedSize":-1,"unknownFields":{"count":0,"isMutable":false,"memoizedSerializedSize":0,"objects":[],"tags":[]},"memoizedHashCode":0},"memoizedSerializedSize":-1,"unknownFields":{"count":0,"isMutable":false,"memoizedSerializedSize":0,"objects":[],"tags":[]},"memoizedHashCode":0}
2023-01-02 16:14:51.448 12006-526/com.xiaomi.athena_remocons I/CyberDogClient: publishDecissage completed.
2023-01-02 16:14:51.466 1844-3341/? D/PowerManagerService: userActivityNoUpdateLocked: groupId=0, eventTime=2509417732, event=2, flags=0x0, uid=1000
2023-01-02 16:14:51.488 12006-32176/com.xiaomi.athena_remocons I/CyberDogClient: publishDecissage.{"angular_":{"x_":0.0,"y_":0.0,"z_":0.2254098355770111,"memoizedSerializedSize":-1,"unknownFields":{"count":0,"isMutable":false,"memoizedSerializedSize":0,"objects":[],"tags":[]},"memoizedHashCode":0},"linear_":{"x_":0.288934433020529,"y_":0.0,"z_":0.0,"memoizedSerializedSize":-1,"unknownFields":{"count":0,"isMutable":false,"memoizedSerializedSize":0,"objects":[],"tags":[]},"memoizedHashCode":0},"memoizedSerializedSize":-1,"unknownFields":{"count":0,"isMutable":false,"memoizedSerializedSize":0,"objects":[],"tags":[]},"memoizedHashCode":0}
2023-01-02 16:14:51.499 12006-526/com.xiaomi.athena_remocons I/CyberDogClient: publishDecissage completed.
2023-01-02 16:14:51.538 12006-32176/com.xiaomi.athena_remocons I/CyberDogClient: publishDecissage.{"angular_":{"x_":0.0,"y_":0.0,"z_":0.28688523173332214,"memoizedSerializedSize":-1,"unknownFields":{"count":0,"isMutable":false,"memoizedSerializedSize":0,"objects":[],"tags":[]},"memoizedHashCode":0},"linear_":{"x_":0.2803278855613023,"y_":0.0,"z_":0.0,"memoizedSerializedSize":-1,"unknownFields":{"count":0,"isMutable":false,"memoizedSerializedSize":0,"objects":[],"tags":[]},"memoizedHashCode":0},"memoizedSerializedSize":-1,"unknownFields":{"count":0,"isMutable":false,"memoizedSerializedSize":0,"objects":[],"tags":[]},"memoizedHashCode":0}
2023-01-02 16:14:51.552 12006-526/com.xiaomi.athena_remocons I/CyberDogClient: publishDecissage completed.
2023-01-02 16:14:51.570 1844-3341/? D/PowerManagerService: userActivityNoUpdateLocked: groupId=0, eventTime=2509417836, event=2, flags=0x0, uid=1000
2023-01-02 16:14:51.588 12006-32176/com.xiaomi.athena_remocons I/CyberDogClient: publishDecissage.{"angular_":{"x_":0.0,"y_":0.0,"z_":0.3401639461517334,"memoizedSerializedSize":-1,"unknownFields":{"count":0,"isMutable":false,"memoizedSerializedSize":0,"objects":[],"tags":[]},"memoizedHashCode":0},"linear_":{"x_":0.2704918134407919,"y_":0.0,"z_":0.0,"memoizedSerializedSize":-1,"unknownFields":{"count":0,"isMutable":false,"memoizedSerializedSize":0,"objects":[],"tags":[]},"memoizedHashCode":0},"memoizedSerializedSize":-1,"unknownFields":{"count":0,"isMutable":false,"memoizedSerializedSize":0,"objects":[],"tags":[]},"memoizedHashCode":0}
2023-01-02 16:14:51.600 12006-526/com.xiaomi.athena_remocons I/CyberDogClient: publishDecissage completed.
2023-01-02 16:14:51.639 12006-32176/com.xiaomi.athena_remocons I/CyberDogClient: publishDecissage.{"angular_":{"x_":0.0,"y_":0.0,"z_":0.37295082211494446,"memoizedSerializedSize":-1,"unknownFields":{"count":0,"isMutable":false,"memoizedSerializedSize":0,"objects":[],"tags":[]},"memoizedHashCode":0},"linear_":{"x_":0.261885248100171,"y_":0.0,"z_":0.0,"memoizedSerializedSize":-1,"unknownFields":{"count":0,"isMutable":false,"memoizedSerializedSize":0,"objects":[],"tags":[]},"memoizedHashCode":0},"memoizedSerializedSize":-1,"unknownFields":{"count":0,"isMutable":false,"memoizedSerializedSize":0,"objects":[],"tags":[]},"memoizedHashCode":0}
2023-01-02 16:14:51.648 12006-527/com.xiaomi.athena_remocons I/CyberDogClient: publishDecissage completed.
2023-01-02 16:14:51.658 1844-1844/? I/AICCTModule: SensorFilter: findSecondNearestValue, cct
2023-01-02 16:14:51.658 1844-1844/? I/AICCTModule: SensorFilter: findSecondNearestValue, nearestMaxLux:3263.109
2023-01-02 16:14:51.658 1844-1844/? I/AICCTModule: SensorFilter: findSecondNearestValue, secondNearestLux:3263.933
2023-01-02 16:14:51.658 1844-1844/? I/AICCTModule: SensorFilter: updateCCT fixed cct=3000.0
2023-01-02 16:14:51.658 1844-5107/? D/AICCTModule: AICurveModel: handleMessage MSG_SENSOR_CHANGED, mSensorValue:3000.0
2023-01-02 16:14:51.658 1844-5107/? D/AICCTModule: AICurveModel: handleUpdateCCT mSensorValue:3000.0, isReset:false
2023-01-02 16:14:51.659 1844-5107/? I/AICCTModule: AICurveModel: findPointByX x:10.877226, rightPoint:Point:(10.879999, 5329.0, 5329.0)
2023-01-02 16:14:51.659 1844-5107/? I/AICCTModule: AICurveModel: StablePoints has no dragSplineLine
2023-01-02 16:14:51.659 1844-5107/? I/AICCTModule: AICurveModel: StablePoints y1Left:5329.0, y2Left:0.0, leftY:5329.0
2023-01-02 16:14:51.659 1844-5107/? I/AICCTModule: AICurveModel: getNextPoint isLargeChange, 3003.0386, 5329.0
2023-01-02 16:14:51.659 1844-5107/? I/AICCTModule: AICurveModel: handleUpdateCCT cct change from 5329.0, to 5329.0
2023-01-02 16:14:51.659 1844-5107/? I/AICCTModule: AICurveModel: handleUpdateCCT TargetEffectPoint update, 3003.0386, 5329.0
2023-01-02 16:14:51.659 1844-5107/? I/AICCTModule: AICurveModel: onTargetCCTChange cct change to 5329.0
2023-01-02 16:14:51.674 1844-3341/? D/PowerManagerService: userActivityNoUpdateLocked: groupId=0, eventTime=2509417941, event=2, flags=0x0, uid=1000
2023-01-02 16:14:51.690 12006-32176/com.xiaomi.athena_remocons I/CyberDogClient: publishDecissage.{"angular_":{"x_":0.0,"y_":0.0,"z_":0.39344263076782227,"memoizedSerializedSize":-1,"unknownFields":{"count":0,"isMutable":false,"memoizedSerializedSize":0,"objects":[],"tags":[]},"memoizedHashCode":0},"linear_":{"x_":0.25573771420072333,"y_":0.0,"z_":0.0,"memoizedSerializedSize":-1,"unknownFields":{"count":0,"isMutable":false,"memoizedSerializedSize":0,"objects":[],"tags":[]},"memoizedHashCode":0},"memoizedSerializedSize":-1,"unknownFields":{"count":0,"isMutable":false,"memoizedSerializedSize":0,"objects":[],"tags":[]},"memoizedHashCode":0}
2023-01-02 16:14:51.701 12006-527/com.xiaomi.athena_remocons I/CyberDogClient: publishDecissage completed.
2023-01-02 16:14:51.741 12006-32176/com.xiaomi.athena_remocons I/CyberDogClient: publishDecissage.{"angular_":{"x_":0.0,"y_":0.0,"z_":0.4098360538482666,"memoizedSerializedSize":-1,"unknownFields":{"count":0,"isMutable":false,"memoizedSerializedSize":0,"objects":[],"tags":[]},"memoizedHashCode":0},"linear_":{"x_":0.25204919386105473,"y_":0.0,"z_":0.0,"memoizedSerializedSize":-1,"unknownFields":{"count":0,"isMutable":false,"memoizedSerializedSize":0,"objects":[],"tags":[]},"memoizedHashCode":0},"memoizedSerializedSize":-1,"unknownFields":{"count":0,"isMutable":false,"memoizedSerializedSize":0,"objects":[],"tags":[]},"memoizedHashCode":0}
2023-01-02 16:14:51.758 12006-527/com.xiaomi.athena_remocons I/CyberDogClient: publishDecissage completed.
2023-01-02 16:14:51.779 1844-3341/? D/PowerManagerService: userActivityNoUpdateLocked: groupId=0, eventTime=2509418045, event=2, flags=0x0, uid=1000
2023-01-02 16:14:51.791 12006-32176/com.xiaomi.athena_remocons I/CyberDogClient: publishDecissage.{"angular_":{"x_":0.0,"y_":0.0,"z_":0.4262295067310333,"memoizedSerializedSize":-1,"unknownFields":{"count":0,"isMutable":false,"memoizedSerializedSize":0,"objects":[],"tags":[]},"memoizedHashCode":0},"linear_":{"x_":0.24959018030127567,"y_":0.0,"z_":0.0,"memoizedSerializedSize":-1,"unknownFields":{"count":0,"isMutable":false,"memoizedSerializedSize":0,"objects":[],"tags":[]},"memoizedHashCode":0},"memoizedSerializedSize":-1,"unknownFields":{"count":0,"isMutable":false,"memoizedSerializedSize":0,"objects":[],"tags":[]},"memoizedHashCode":0}
2023-01-02 16:14:51.800 12006-527/com.xiaomi.athena_remocons I/CyberDogClient: publishDecissage completed.
2023-01-02 16:14:51.841 12006-32176/com.xiaomi.athena_remocons I/CyberDogClient: publishDecissage.{"angular_":{"x_":0.0,"y_":0.0,"z_":0.43852460384368896,"memoizedSerializedSize":-1,"unknownFields":{"count":0,"isMutable":false,"memoizedSerializedSize":0,"objects":[],"tags":[]},"memoizedHashCode":0},"linear_":{"x_":0.24836067352138613,"y_":0.0,"z_":0.0,"memoizedSerializedSize":-1,"unknownFields":{"count":0,"isMutable":false,"memoizedSerializedSize":0,"objects":[],"tags":[]},"memoizedHashCode":0},"memoizedSerializedSize":-1,"unknownFields":{"count":0,"isMutable":false,"memoizedSerializedSize":0,"objects":[],"tags":[]},"memoizedHashCode":0}
2023-01-02 16:14:51.851 12006-526/com.xiaomi.athena_remocons I/CyberDogClient: publishDecissage completed.
2023-01-02 16:14:51.883 1844-3341/? D/PowerManagerService: userActivityNoUpdateLocked: groupId=0, eventTime=2509418149, event=2, flags=0x0, uid=1000
2023-01-02 16:14:51.891 12006-32176/com.xiaomi.athena_remocons I/CyberDogClient: publishDecissage.{"angular_":{"x_":0.0,"y_":0.0,"z_":0.44262295961380005,"memoizedSerializedSize":-1,"unknownFields":{"count":0,"isMutable":false,"memoizedSerializedSize":0,"objects":[],"tags":[]},"memoizedHashCode":0},"linear_":{"x_":0.24713114886010246,"y_":0.0,"z_":0.0,"memoizedSerializedSize":-1,"unknownFields":{"count":0,"isMutable":false,"memoizedSerializedSize":0,"objects":[],"tags":[]},"memoizedHashCode":0},"memoizedSerializedSize":-1,"unknownFields":{"count":0,"isMutable":false,"memoizedSerializedSize":0,"objects":[],"tags":[]},"memoizedHashCode":0}
2023-01-02 16:14:51.908 12006-526/com.xiaomi.athena_remocons I/CyberDogClient: publishDecissage completed.
2023-01-02 16:14:51.941 12006-32176/com.xiaomi.athena_remocons I/CyberDogClient: publishDecissage.{"angular_":{"x_":0.0,"y_":0.0,"z_":0.4508196711540222,"memoizedSerializedSize":-1,"unknownFields":{"count":0,"isMutable":false,"memoizedSerializedSize":0,"objects":[],"tags":[]},"memoizedHashCode":0},"linear_":{"x_":0.24713114886010246,"y_":0.0,"z_":0.0,"memoizedSerializedSize":-1,"unknownFields":{"count":0,"isMutable":false,"memoizedSerializedSize":0,"objects":[],"tags":[]},"memoizedHashCode":0},"memoizedSerializedSize":-1,"unknownFields":{"count":0,"isMutable":false,"memoizedSerializedSize":0,"objects":[],"tags":[]},"memoizedHashCode":0}
2023-01-02 16:14:51.950 12006-526/com.xiaomi.athena_remocons I/CyberDogClient: publishDecissage completed.
2023-01-02 16:14:51.987 1844-3341/? D/PowerManagerService: userActivityNoUpdateLocked: groupId=0, eventTime=2509418254, event=2, flags=0x0, uid=1000
2023-01-02 16:14:51.991 12006-32176/com.xiaomi.athena_remocons I/CyberDogClient: publishDecissage.{"angular_":{"x_":0.0,"y_":0.0,"z_":0.4590163826942444,"memoizedSerializedSize":-1,"unknownFields":{"count":0,"isMutable":false,"memoizedSerializedSize":0,"objects":[],"tags":[]},"memoizedHashCode":0},"linear_":{"x_":0.24713114886010246,"y_":0.0,"z_":0.0,"memoizedSerializedSize":-1,"unknownFields":{"count":0,"isMutable":false,"memoizedSerializedSize":0,"objects":[],"tags":[]},"memoizedHashCode":0},"memoizedSerializedSize":-1,"unknownFields":{"count":0,"isMutable":false,"memoizedSerializedSize":0,"objects":[],"tags":[]},"memoizedHashCode":0}
