2023-01-02 16:14:52.000 12006-526/com.xiaomi.athena_remocons I/CyberDogClient: publishDecissage completed.
2023-01-02 16:14:52.041 12006-32176/com.xiaomi.athena_remocons I/CyberDogClient: publishDecissage.{"angular_":{"x_":0.0,"y_":0.0,"z_":0.4713114798069,"memoizedSerializedSize":-1,"unknownFields":{"count":0,"isMutable":false,"memoizedSerializedSize":0,"objects":[],"tags":[]},"memoizedHashCode":0},"linear_":{"x_":0.2545082074208338,"y_":0.0,"z_":0.0,"memoizedSerializedSize":-1,"unknownFields":{"count":0,"isMutable":false,"memoizedSerializedSize":0,"objects":[],"tags":[]},"memoizedHashCode":0},"memoizedSerializedSize":-1,"unknownFields":{"count":0,"isMutable":false,"memoizedSerializedSize":0,"objects":[],"tags":[]},"memoizedHashCode":0}
2023-01-02 16:14:52.057 12006-526/com.xiaomi.athena_remocons I/CyberDogClient: publishDecissage completed.
2023-01-02 16:14:52.090 12006-32176/com.xiaomi.athena_remocons I/CyberDogClient: publishDecissage.{"angular_":{"x_":0.0,"y_":0.0,"z_":0.4771796207961998,"memoizedSerializedSize":-1,"unknownFields":{"count":0,"isMutable":false,"memoizedSerializedSize":0,"objects":[],"tags":[]},"memoizedHashCode":0},"linear_":{"x_":0.26364174373704247,"y_":0.0,"z_":0.0,"memoizedSerializedSize":-1,"unknownFields":{"count":0,"isMutable":false,"memoizedSerializedSize":0,"objects":[],"tags":[]},"memoizedHashCode":0},"memoizedSerializedSize":-1,"unknownFields":{"count":0,"isMutable":false,"memoizedSerializedSize":0,"objects":[],"tags":[]},"memoizedHashCode":0}
2023-01-02 16:14:52.092 1844-3341/? D/PowerManagerService: userActivityNoUpdateLocked: groupId=0, eventTime=2509418358, event=2, flags=0x0, uid=1000
2023-01-02 16:14:52.102 12006-526/com.xiaomi.athena_remocons I/CyberDogClient: publishDecissage completed.
2023-01-02 16:14:52.141 12006-32176/com.xiaomi.athena_remocons I/CyberDogClient: publishDecissage.{"angular_":{"x_":0.0,"y_":0.0,"z_":0.46087297103133196,"memoizedSerializedSize":-1,"unknownFields":{"count":0,"isMutable":false,"memoizedSerializedSize":0,"objects":[],"tags":[]},"memoizedHashCode":0},"linear_":{"x_":0.266239846611836,"y_":0.0,"z_":0.0,"memoizedSerializedSize":-1,"unknownFields":{"count":0,"isMutable":false,"memoizedSerializedSize":0,"objects":[],"tags":[]},"memoizedHashCode":0},"memoizedSerializedSize":-1,"unknownFields":{"count":0,"isMutable":false,"memoizedSerializedSize":0,"objects":[],"tags":[]},"memoizedHashCode":0}
2023-01-02 16:14:52.158 12006-527/com.xiaomi.athena_remocons I/CyberDogClient: publishDecissage completed.
2023-01-02 16:14:52.190 12006-32176/com.xiaomi.athena_remocons I/CyberDogClient: publishDecissage.{"angular_":{"x_":0.0,"y_":0.0,"z_":0.4236851066393932,"memoizedSerializedSize":-1,"unknownFields":{"count":0,"isMutable":false,"memoizedSerializedSize":0,"objects":[],"tags":[]},"memoizedHashCode":0},"linear_":{"x_":0.27174286735221787,"y_":0.0,"z_":0.0,"memoizedSerializedSize":-1,"unknownFields":{"count":0,"isMutable":false,"memoizedSerializedSize":0,"objects":[],"tags":[]},"memoizedHashCode":0},"memoizedSerializedSize":-1,"unknownFields":{"count":0,"isMutable":false,"memoizedSerializedSize":0,"objects":[],"tags":[]},"memoizedHashCode":0}
2023-01-02 16:14:52.196 1844-3341/? D/PowerManagerService: userActivityNoUpdateLocked: groupId=0, eventTime=2509418462, event=2, flags=0x0, uid=1000
2023-01-02 16:14:52.200 12006-527/com.xiaomi.athena_remocons I/CyberDogClient: publishDecissage completed.
2023-01-02 16:14:52.241 12006-32176/com.xiaomi.athena_remocons I/CyberDogClient: publishDecissage.{"angular_":{"x_":0.0,"y_":0.0,"z_":0.3926381457256696,"memoizedSerializedSize":-1,"unknownFields":{"count":0,"isMutable":false,"memoizedSerializedSize":0,"objects":[],"tags":[]},"memoizedHashCode":0},"linear_":{"x_":0.2759079113312141,"y_":0.0,"z_":0.0,"memoizedSerializedSize":-1,"unknownFields":{"count":0,"isMutable":false,"memoizedSerializedSize":0,"objects":[],"tags":[]},"memoizedHashCode":0},"memoizedSerializedSize":-1,"unknownFields":{"count":0,"isMutable":false,"memoizedSerializedSize":0,"objects":[],"tags":[]},"memoizedHashCode":0}
2023-01-02 16:14:52.256 12006-527/com.xiaomi.athena_remocons I/CyberDogClient: publishDecissage completed.
2023-01-02 16:14:52.291 12006-32176/com.xiaomi.athena_remocons I/CyberDogClient: publishDecissage.{"angular_":{"x_":0.0,"y_":0.0,"z_":0.36060495526179714,"memoizedSerializedSize":-1,"unknownFields":{"count":0,"isMutable":false,"memoizedSerializedSize":0,"objects":[],"tags":[]},"memoizedHashCode":0},"linear_":{"x_":0.27981560232714675,"y_":0.0,"z_":0.0,"memoizedSerializedSize":-1,"unknownFields":{"count":0,"isMutable":false,"memoizedSerializedSize":0,"objects":[],"tags":[]},"memoizedHashCode":0},"memoizedSerializedSize":-1,"unknownFields":{"count":0,"isMutable":false,"memoizedSerializedSize":0,"objects":[],"tags":[]},"memoizedHashCode":0}
2023-01-02 16:14:52.301 1844-3341/? D/PowerManagerService: userActivityNoUpdateLocked: groupId=0, eventTime=2509418567, event=2, flags=0x0, uid=1000
2023-01-02 16:14:52.301 12006-12006/com.xiaomi.athena_remocons I/MainFragment: mode=3 pattern=7 order=0 mode type=0 error flag=0 isError=false isCharging=false lowBattery=0
2023-01-02 16:14:52.341 12006-32176/com.xiaomi.athena_remocons I/CyberDogClient: publishDecissage.{"angular_":{"x_":0.0,"y_":0.0,"z_":0.3264097997761155,"memoizedSerializedSize":-1,"unknownFields":{"count":0,"isMutable":false,"memoizedSerializedSize":0,"objects":[],"tags":[]},"memoizedHashCode":0},"linear_":{"x_":0.28356850751617607,"y_":0.0,"z_":0.0,"memoizedSerializedSize":-1,"unknownFields":{"count":0,"isMutable":false,"memoizedSerializedSize":0,"objects":[],"tags":[]},"memoizedHashCode":0},"memoizedSerializedSize":-1,"unknownFields":{"count":0,"isMutable":false,"memoizedSerializedSize":0,"objects":[],"tags":[]},"memoizedHashCode":0}
2023-01-02 16:14:52.377 12006-527/com.xiaomi.athena_remocons I/CyberDogClient: publishDecissage completed.
2023-01-02 16:14:52.382 12006-527/com.xiaomi.athena_remocons I/CyberDogClient: publishDecissage completed.
2023-01-02 16:14:52.390 12006-32176/com.xiaomi.athena_remocons I/CyberDogClient: publishDecissage.{"angular_":{"x_":0.0,"y_":0.0,"z_":0.2848870567470172,"memoizedSerializedSize":-1,"unknownFields":{"count":0,"isMutable":false,"memoizedSerializedSize":0,"objects":[],"tags":[]},"memoizedHashCode":0},"linear_":{"x_":0.28756836465728025,"y_":0.0,"z_":0.0,"memoizedSerializedSize":-1,"unknownFields":{"count":0,"isMutable":false,"memoizedSerializedSize":0,"objects":[],"tags":[]},"memoizedHashCode":0},"memoizedSerializedSize":-1,"unknownFields":{"count":0,"isMutable":false,"memoizedSerializedSize":0,"objects":[],"tags":[]},"memoizedHashCode":0}
2023-01-02 16:14:52.405 1844-3341/? D/PowerManagerService: userActivityNoUpdateLocked: groupId=0, eventTime=2509418671, event=2, flags=0x0, uid=1000
2023-01-02 16:14:52.405 12006-527/com.xiaomi.athena_remocons I/CyberDogClient: publishDecissage completed.
2023-01-02 16:14:52.441 12006-32176/com.xiaomi.athena_remocons I/CyberDogClient: publishDecissage.{"angular_":{"x_":0.0,"y_":0.0,"z_":0.23695616499670002,"memoizedSerializedSize":-1,"unknownFields":{"count":0,"isMutable":false,"memoizedSerializedSize":0,"objects":[],"tags":[]},"memoizedHashCode":0},"linear_":{"x_":0.2914561011735699,"y_":0.0,"z_":0.0,"memoizedSerializedSize":-1,"unknownFields":{"count":0,"isMutable":false,"memoizedSerializedSize":0,"objects":[],"tags":[]},"memoizedHashCode":0},"memoizedSerializedSize":-1,"unknownFields":{"count":0,"isMutable":false,"memoizedSerializedSize":0,"objects":[],"tags":[]},"memoizedHashCode":0}
2023-01-02 16:14:52.455 12006-527/com.xiaomi.athena_remocons I/CyberDogClient: publishDecissage completed.
2023-01-02 16:14:52.491 12006-32176/com.xiaomi.athena_remocons I/CyberDogClient: publishDecissage.{"angular_":{"x_":0.0,"y_":0.0,"z_":0.21142227947711945,"memoizedSerializedSize":-1,"unknownFields":{"count":0,"isMutable":false,"memoizedSerializedSize":0,"objects":[],"tags":[]},"memoizedHashCode":0},"linear_":{"x_":0.2932184650999413,"y_":0.0,"z_":0.0,"memoizedSerializedSize":-1,"unknownFields":{"count":0,"isMutable":false,"memoizedSerializedSize":0,"objects":[],"tags":[]},"memoizedHashCode":0},"memoizedSerializedSize":-1,"unknownFields":{"count":0,"isMutable":false,"memoizedSerializedSize":0,"objects":[],"tags":[]},"memoizedHashCode":0}
2023-01-02 16:14:52.500 12006-527/com.xiaomi.athena_remocons I/CyberDogClient: publishDecissage completed.
2023-01-02 16:14:52.510 1844-3341/? D/PowerManagerService: userActivityNoUpdateLocked: groupId=0, eventTime=2509418775, event=2, flags=0x0, uid=1000
2023-01-02 16:14:52.541 12006-32176/com.xiaomi.athena_remocons I/CyberDogClient: publishDecissage.{"angular_":{"x_":0.0,"y_":0.0,"z_":0.2056530672836594,"memoizedSerializedSize":-1,"unknownFields":{"count":0,"isMutable":false,"memoizedSerializedSize":0,"objects":[],"tags":[]},"memoizedHashCode":0},"linear_":{"x_":0.29358748459072037,"y_":0.0,"z_":0.0,"memoizedSerializedSize":-1,"unknownFields":{"count":0,"isMutable":false,"memoizedSerializedSize":0,"objects":[],"tags":[]},"memoizedHashCode":0},"memoizedSerializedSize":-1,"unknownFields":{"count":0,"isMutable":false,"memoizedSerializedSize":0,"objects":[],"tags":[]},"memoizedHashCode":0}
2023-01-02 16:14:52.570 12006-527/com.xiaomi.athena_remocons I/CyberDogClient: publishDecissage completed.
2023-01-02 16:14:52.591 12006-32176/com.xiaomi.athena_remocons I/CyberDogClient: publishDecissage.{"angular_":{"x_":0.0,"y_":0.0,"z_":0.20582848585548863,"memoizedSerializedSize":-1,"unknownFields":{"count":0,"isMutable":false,"memoizedSerializedSize":0,"objects":[],"tags":[]},"memoizedHashCode":0},"linear_":{"x_":0.293576437529458,"y_":0.0,"z_":0.0,"memoizedSerializedSize":-1,"unknownFields":{"count":0,"isMutable":false,"memoizedSerializedSize":0,"objects":[],"tags":[]},"memoizedHashCode":0},"memoizedSerializedSize":-1,"unknownFields":{"count":0,"isMutable":false,"memoizedSerializedSize":0,"objects":[],"tags":[]},"memoizedHashCode":0}
2023-01-02 16:14:52.604 12006-526/com.xiaomi.athena_remocons I/CyberDogClient: publishDecissage completed.
2023-01-02 16:14:52.630 1844-3341/? D/PowerManagerService: userActivityNoUpdateLocked: groupId=0, eventTime=2509418896, event=2, flags=0x0, uid=1000
2023-01-02 16:14:52.642 12006-32176/com.xiaomi.athena_remocons I/CyberDogClient: publishDecissage.{"angular_":{"x_":0.0,"y_":0.0,"z_":0.2072932944580801,"memoizedSerializedSize":-1,"unknownFields":{"count":0,"isMutable":false,"memoizedSerializedSize":0,"objects":[],"tags":[]},"memoizedHashCode":0},"linear_":{"x_":0.2934836851769586,"y_":0.0,"z_":0.0,"memoizedSerializedSize":-1,"unknownFields":{"count":0,"isMutable":false,"memoizedSerializedSize":0,"objects":[],"tags":[]},"memoizedHashCode":0},"memoizedSerializedSize":-1,"unknownFields":{"count":0,"isMutable":false,"memoizedSerializedSize":0,"objects":[],"tags":[]},"memoizedHashCode":0}
2023-01-02 16:14:52.658 12006-526/com.xiaomi.athena_remocons I/CyberDogClient: publishDecissage completed.
2023-01-02 16:14:52.685 1372-32062/? I/sensors-hal: handle_sns_std_sensor_event:177, rgb sample: cct_avg:3272, red_raw:56, green_raw:34, blue_raw:31, clear_raw:105, wide_raw:0
2023-01-02 16:14:52.686 1372-32062/? I/sensors-hal: handle_sns_std_sensor_event:179, rgb sample: cur_cct:3251, calc_ir:57, lux:34, again:0, atime:0, ts=3389335901054165
2023-01-02 16:14:52.691 12006-32176/com.xiaomi.athena_remocons I/CyberDogClient: publishDecissage.{"angular_":{"x_":0.0,"y_":0.0,"z_":0.20031677851487473,"memoizedSerializedSize":-1,"unknownFields":{"count":0,"isMutable":false,"memoizedSerializedSize":0,"objects":[],"tags":[]},"memoizedHashCode":0},"linear_":{"x_":0.29391937335565366,"y_":0.0,"z_":0.0,"memoizedSerializedSize":-1,"unknownFields":{"count":0,"isMutable":false,"memoizedSerializedSize":0,"objects":[],"tags":[]},"memoizedHashCode":0},"memoizedSerializedSize":-1,"unknownFields":{"count":0,"isMutable":false,"memoizedSerializedSize":0,"objects":[],"tags":[]},"memoizedHashCode":0}
2023-01-02 16:14:52.703 12006-526/com.xiaomi.athena_remocons I/CyberDogClient: publishDecissage completed.
2023-01-02 16:14:52.734 1844-3341/? D/PowerManagerService: userActivityNoUpdateLocked: groupId=0, eventTime=2509419000, event=2, flags=0x0, uid=1000
2023-01-02 16:14:52.742 12006-32176/com.xiaomi.athena_remocons I/CyberDogClient: publishDecissage.{"angular_":{"x_":0.0,"y_":0.0,"z_":0.1849453490880233,"memoizedSerializedSize":-1,"unknownFields":{"count":0,"isMutable":false,"memoizedSerializedSize":0,"objects":[],"tags":[]},"memoizedHashCode":0},"linear_":{"x_":0.2948246630304976,"y_":0.0,"z_":0.0,"memoizedSerializedSize":-1,"unknownFields":{"count":0,"isMutable":false,"memoizedSerializedSize":0,"objects":[],"tags":[]},"memoizedHashCode":0},"memoizedSerializedSize":-1,"unknownFields":{"count":0,"isMutable":false,"memoizedSerializedSize":0,"objects":[],"tags":[]},"memoizedHashCode":0}
2023-01-02 16:14:52.752 12006-526/com.xiaomi.athena_remocons I/CyberDogClient: publishDecissage completed.
2023-01-02 16:14:52.766 1844-3500/? D/OGG_Detector: D:done mCurrStatus: 0
2023-01-02 16:14:52.774 12006-12006/com.xiaomi.athena_remocons E/q-setting: Base Control View original position is x = 1576.0, y = 272.0
2023-01-02 16:14:52.775 12006-12006/com.xiaomi.athena_remocons E/q-setting: ******* get outdoor max speed 0.3
2023-01-02 16:14:52.775 12006-12006/com.xiaomi.athena_remocons E/MainFragment: 2. current mSpeed:0.30000001192092896
2023-01-02 16:14:52.793 12006-32176/com.xiaomi.athena_remocons I/CyberDogClient: publishDecissage.{"angular_":{"x_":0.0,"y_":0.0,"z_":0.13941914828571722,"memoizedSerializedSize":-1,"unknownFields":{"count":0,"isMutable":false,"memoizedSerializedSize":0,"objects":[],"tags":[]},"memoizedHashCode":0},"linear_":{"x_":0.2970700418519877,"y_":0.0,"z_":0.0,"memoizedSerializedSize":-1,"unknownFields":{"count":0,"isMutable":false,"memoizedSerializedSize":0,"objects":[],"tags":[]},"memoizedHashCode":0},"memoizedSerializedSize":-1,"unknownFields":{"count":0,"isMutable":false,"memoizedSerializedSize":0,"objects":[],"tags":[]},"memoizedHashCode":0}
2023-01-02 16:14:52.800 12006-526/com.xiaomi.athena_remocons I/CyberDogClient: publishDecissage completed.
2023-01-02 16:14:52.825 12006-32177/com.xiaomi.athena_remocons I/CyberDogClient: publishDecissage.{"angular_":{"x_":0.0,"y_":0.0,"z_":0.13941914828571722,"memoizedSerializedSize":-1,"unknownFields":{"count":0,"isMutable":false,"memoizedSerializedSize":0,"objects":[],"tags":[]},"memoizedHashCode":0},"linear_":{"x_":0.2970700418519877,"y_":-0.0,"z_":0.0,"memoizedSerializedSize":-1,"unknownFields":{"count":0,"isMutable":false,"memoizedSerializedSize":0,"objects":[],"tags":[]},"memoizedHashCode":0},"memoizedSerializedSize":-1,"unknownFields":{"count":0,"isMutable":false,"memoizedSerializedSize":0,"objects":[],"tags":[]},"memoizedHashCode":0}
2023-01-02 16:14:52.837 12006-527/com.xiaomi.athena_remocons I/CyberDogClient: publishDecissage completed.
2023-01-02 16:14:52.838 1844-3341/? D/PowerManagerService: userActivityNoUpdateLocked: groupId=0, eventTime=2509419105, event=2, flags=0x0, uid=1000
2023-01-02 16:14:52.842 12006-32176/com.xiaomi.athena_remocons I/CyberDogClient: publishDecissage.{"angular_":{"x_":0.0,"y_":0.0,"z_":0.09564491514766793,"memoizedSerializedSize":-1,"unknownFields":{"count":0,"isMutable":false,"memoizedSerializedSize":0,"objects":[],"tags":[]},"memoizedHashCode":0},"linear_":{"x_":0.2986246849430018,"y_":-0.0,"z_":0.0,"memoizedSerializedSize":-1,"unknownFields":{"count":0,"isMutable":false,"memoizedSerializedSize":0,"objects":[],"tags":[]},"memoizedHashCode":0},"memoizedSerializedSize":-1,"unknownFields":{"count":0,"isMutable":false,"memoizedSerializedSize":0,"objects":[],"tags":[]},"memoizedHashCode":0}
2023-01-02 16:14:52.851 12006-527/com.xiaomi.athena_remocons I/CyberDogClient: publishDecissage completed.
2023-01-02 16:14:52.875 12006-32177/com.xiaomi.athena_remocons I/CyberDogClient: publishDecissage.{"angular_":{"x_":0.0,"y_":0.0,"z_":0.09564491514766793,"memoizedSerializedSize":-1,"unknownFields":{"count":0,"isMutable":false,"memoizedSerializedSize":0,"objects":[],"tags":[]},"memoizedHashCode":0},"linear_":{"x_":0.2986246849430018,"y_":-0.0,"z_":0.0,"memoizedSerializedSize":-1,"unknownFields":{"count":0,"isMutable":false,"memoizedSerializedSize":0,"objects":[],"tags":[]},"memoizedHashCode":0},"memoizedSerializedSize":-1,"unknownFields":{"count":0,"isMutable":false,"memoizedSerializedSize":0,"objects":[],"tags":[]},"memoizedHashCode":0}
2023-01-02 16:14:52.891 12006-527/com.xiaomi.athena_remocons I/CyberDogClient: publishDecissage completed.
2023-01-02 16:14:52.893 12006-32176/com.xiaomi.athena_remocons I/CyberDogClient: publishDecissage.{"angular_":{"x_":0.0,"y_":0.0,"z_":0.0381666149509412,"memoizedSerializedSize":-1,"unknownFields":{"count":0,"isMutable":false,"memoizedSerializedSize":0,"objects":[],"tags":[]},"memoizedHashCode":0},"linear_":{"x_":0.2997814404052467,"y_":-0.0,"z_":0.0,"memoizedSerializedSize":-1,"unknownFields":{"count":0,"isMutable":false,"memoizedSerializedSize":0,"objects":[],"tags":[]},"memoizedHashCode":0},"memoizedSerializedSize":-1,"unknownFields":{"count":0,"isMutable":false,"memoizedSerializedSize":0,"objects":[],"tags":[]},"memoizedHashCode":0}
2023-01-02 16:14:52.903 12006-527/com.xiaomi.athena_remocons I/CyberDogClient: publishDecissage completed.
2023-01-02 16:14:52.925 12006-32177/com.xiaomi.athena_remocons I/CyberDogClient: publishDecissage.{"angular_":{"x_":0.0,"y_":0.0,"z_":0.0381666149509412,"memoizedSerializedSize":-1,"unknownFields":{"count":0,"isMutable":false,"memoizedSerializedSize":0,"objects":[],"tags":[]},"memoizedHashCode":0},"linear_":{"x_":0.2997814404052467,"y_":-0.0,"z_":0.0,"memoizedSerializedSize":-1,"unknownFields":{"count":0,"isMutable":false,"memoizedSerializedSize":0,"objects":[],"tags":[]},"memoizedHashCode":0},"memoizedSerializedSize":-1,"unknownFields":{"count":0,"isMutable":false,"memoizedSerializedSize":0,"objects":[],"tags":[]},"memoizedHashCode":0}
2023-01-02 16:14:52.941 12006-527/com.xiaomi.athena_remocons I/CyberDogClient: publishDecissage completed.
2023-01-02 16:14:52.942 12006-32176/com.xiaomi.athena_remocons I/CyberDogClient: publishDecissage.{"angular_":{"x_":0.0,"y_":0.0,"z_":0.00349648204010522,"memoizedSerializedSize":-1,"unknownFields":{"count":0,"isMutable":false,"memoizedSerializedSize":0,"objects":[],"tags":[]},"memoizedHashCode":0},"linear_":{"x_":0.2999981962285776,"y_":-0.0,"z_":0.0,"memoizedSerializedSize":-1,"unknownFields":{"count":0,"isMutable":false,"memoizedSerializedSize":0,"objects":[],"tags":[]},"memoizedHashCode":0},"memoizedSerializedSize":-1,"unknownFields":{"count":0,"isMutable":false,"memoizedSerializedSize":0,"objects":[],"tags":[]},"memoizedHashCode":0}
2023-01-02 16:14:52.943 1844-3341/? D/PowerManagerService: userActivityNoUpdateLocked: groupId=0, eventTime=2509419209, event=2, flags=0x0, uid=1000
2023-01-02 16:14:52.958 12006-527/com.xiaomi.athena_remocons I/CyberDogClient: publishDecissage completed.
2023-01-02 16:14:52.975 12006-32177/com.xiaomi.athena_remocons I/CyberDogClient: publishDecissage.{"angular_":{"x_":0.0,"y_":0.0,"z_":0.00349648204010522,"memoizedSerializedSize":-1,"unknownFields":{"count":0,"isMutable":false,"memoizedSerializedSize":0,"objects":[],"tags":[]},"memoizedHashCode":0},"linear_":{"x_":0.2999981962285776,"y_":-0.0,"z_":0.0,"memoizedSerializedSize":-1,"unknownFields":{"count":0,"isMutable":false,"memoizedSerializedSize":0,"objects":[],"tags":[]},"memoizedHashCode":0},"memoizedSerializedSize":-1,"unknownFields":{"count":0,"isMutable":false,"memoizedSerializedSize":0,"objects":[],"tags":[]},"memoizedHashCode":0}
2023-01-02 16:14:52.977 12006-12006/com.xiaomi.athena_remocons I/CyberDogClient: publishDecissage.{"angular_":{"x_":0.0,"y_":0.0,"z_":-0.0,"memoizedSerializedSize":-1,"unknownFields":{"count":0,"isMutable":false,"memoizedSerializedSize":0,"objects":[],"tags":[]},"memoizedHashCode":0},"linear_":{"x_":0.0,"y_":-0.0,"z_":0.0,"memoizedSerializedSize":-1,"unknownFields":{"count":0,"isMutable":false,"memoizedSerializedSize":0,"objects":[],"tags":[]},"memoizedHashCode":0},"memoizedSerializedSize":-1,"unknownFields":{"count":0,"isMutable":false,"memoizedSerializedSize":0,"objects":[],"tags":[]},"memoizedHashCode":0}
2023-01-02 16:14:52.985 12006-527/com.xiaomi.athena_remocons I/CyberDogClient: publishDecissage completed.
2023-01-02 16:14:52.987 12006-527/com.xiaomi.athena_remocons I/CyberDogClient: publishDecissage completed.
2023-01-02 16:14:53.009 12006-12006/com.xiaomi.athena_remocons I/CyberDogClient: publishDecissage.{"angular_":{"x_":0.0,"y_":0.0,"z_":-0.0,"memoizedSerializedSize":-1,"unknownFields":{"count":0,"isMutable":false,"memoizedSerializedSize":0,"objects":[],"tags":[]},"memoizedHashCode":0},"linear_":{"x_":0.0,"y_":-0.0,"z_":0.0,"memoizedSerializedSize":-1,"unknownFields":{"count":0,"isMutable":false,"memoizedSerializedSize":0,"objects":[],"tags":[]},"memoizedHashCode":0},"memoizedSerializedSize":-1,"unknownFields":{"count":0,"isMutable":false,"memoizedSerializedSize":0,"objects":[],"tags":[]},"memoizedHashCode":0}
2023-01-02 16:14:53.010 1482-1482/? D/ORMS_HAL: OrmsHalService write file /proc/sys/kernel/slide_boost_enabled - 0.
2023-01-02 16:14:53.019 12006-527/com.xiaomi.athena_remocons I/CyberDogClient: publishDecissage completed.
2023-01-02 16:14:53.631 12006-12006/com.xiaomi.athena_remocons I/MainFragment: mode=3 pattern=7 order=0 mode type=0 error flag=0 isError=false isCharging=false lowBattery=0
2023-01-02 16:14:53.716 1844-1844/? I/AICCTModule: SensorFilter: findSecondNearestValue, cct
2023-01-02 16:14:53.718 1844-1844/? I/AICCTModule: SensorFilter: findSecondNearestValue, nearestMaxLux:3261.71
2023-01-02 16:14:53.718 1844-1844/? I/AICCTModule: SensorFilter: findSecondNearestValue, secondNearestLux:3263.8677
2023-01-02 16:14:53.718 1844-1844/? I/AICCTModule: SensorFilter: updateCCT fixed cct=3000.0
2023-01-02 16:14:53.719 1844-5107/? D/AICCTModule: AICurveModel: handleMessage MSG_SENSOR_CHANGED, mSensorValue:3000.0
2023-01-02 16:14:53.719 1844-5107/? D/AICCTModule: AICurveModel: handleUpdateCCT mSensorValue:3000.0, isReset:false
2023-01-02 16:14:53.719 1844-5107/? I/AICCTModule: AICurveModel: findPointByX x:10.877226, rightPoint:Point:(10.879999, 5329.0, 5329.0)
2023-01-02 16:14:53.719 1844-5107/? I/AICCTModule: AICurveModel: StablePoints has no dragSplineLine
2023-01-02 16:14:53.719 1844-5107/? I/AICCTModule: AICurveModel: StablePoints y1Left:5329.0, y2Left:0.0, leftY:5329.0
2023-01-02 16:14:53.719 1844-5107/? I/AICCTModule: AICurveModel: getNextPoint isLargeChange, 3003.0386, 5329.0
2023-01-02 16:14:53.719 1844-5107/? I/AICCTModule: AICurveModel: handleUpdateCCT cct change from 5329.0, to 5329.0
2023-01-02 16:14:53.719 1844-5107/? I/AICCTModule: AICurveModel: handleUpdateCCT TargetEffectPoint update, 3003.0386, 5329.0
2023-01-02 16:14:53.719 1844-5107/? I/AICCTModule: AICurveModel: onTargetCCTChange cct change to 5329.0
2023-01-02 16:14:54.689 12006-12006/com.xiaomi.athena_remocons I/MainFragment: mode=3 pattern=7 order=0 mode type=0 error flag=0 isError=false isCharging=false lowBattery=0
2023-01-02 16:14:54.743 1372-32062/? I/sensors-hal: handle_sns_std_sensor_event:177, rgb sample: cct_avg:3262, red_raw:56, green_raw:34, blue_raw:31, clear_raw:106, wide_raw:0
2023-01-02 16:14:54.743 1372-32062/? I/sensors-hal: handle_sns_std_sensor_event:179, rgb sample: cur_cct:3234, calc_ir:53, lux:35, again:0, atime:0, ts=3389337958100102
2023-01-02 16:14:55.670 8341-8359/? E/IHansComunication: HANS printMessageBody: RCVed message body: type = 4, port = 86870, caller_pid = -1, caller_uid = -1, target_pid = -1, target_uid = 10356, pkg_cmd = -1
2023-01-02 16:14:55.678 1844-3490/? I/Osense-DecisionMaker: notifyScene: OSENSE_ACTION_TOUCH_BOOST, to hw policy!
2023-01-02 16:14:55.680 1482-1482/? D/ORMS_HAL: OrmsHalService write file /proc/sys/kernel/input_boost_enabled - 1.
2023-01-02 16:14:55.680 1844-3500/? D/OGG_Detector: D:done mCurrStatus: 0
2023-01-02 16:14:55.681 1844-3341/? D/PowerManagerService: userActivityNoUpdateLocked: groupId=0, eventTime=2509421936, event=2, flags=0x0, uid=1000
2023-01-02 16:14:55.726 12006-12006/com.xiaomi.athena_remocons I/CyberDogClient: PatternManager request.{"patternstamped_":{"header_":{"frameId_":"","memoizedSerializedSize":0,"unknownFields":{"count":0,"isMutable":false,"memoizedSerializedSize":0,"objects":[],"tags":[]},"memoizedHashCode":0},"pattern_":{"gaitPattern_":2,"memoizedSerializedSize":-1,"unknownFields":{"count":0,"isMutable":false,"memoizedSerializedSize":0,"objects":[],"tags":[]},"memoizedHashCode":0},"memoizedSerializedSize":-1,"unknownFields":{"count":0,"isMutable":false,"memoizedSerializedSize":0,"objects":[],"tags":[]},"memoizedHashCode":0},"timeout_":35,"memoizedSerializedSize":-1,"unknownFields":{"count":0,"isMutable":false,"memoizedSerializedSize":0,"objects":[],"tags":[]},"memoizedHashCode":0}
2023-01-02 16:14:55.772 1844-1844/? I/AICCTModule: SensorFilter: findSecondNearestValue, cct
2023-01-02 16:14:55.772 1844-1844/? I/AICCTModule: SensorFilter: findSecondNearestValue, nearestMaxLux:3261.4521
2023-01-02 16:14:55.772 1844-1844/? I/AICCTModule: SensorFilter: findSecondNearestValue, secondNearestLux:3262.5005
2023-01-02 16:14:55.772 1844-1844/? I/AICCTModule: SensorFilter: updateCCT fixed cct=3000.0
2023-01-02 16:14:55.772 1844-5107/? D/AICCTModule: AICurveModel: handleMessage MSG_SENSOR_CHANGED, mSensorValue:3000.0
2023-01-02 16:14:55.772 1844-5107/? D/AICCTModule: AICurveModel: handleUpdateCCT mSensorValue:3000.0, isReset:false
2023-01-02 16:14:55.772 1844-5107/? I/AICCTModule: AICurveModel: findPointByX x:10.877226, rightPoint:Point:(10.879999, 5329.0, 5329.0)
2023-01-02 16:14:55.773 1844-5107/? I/AICCTModule: AICurveModel: StablePoints has no dragSplineLine
2023-01-02 16:14:55.773 1844-5107/? I/AICCTModule: AICurveModel: StablePoints y1Left:5329.0, y2Left:0.0, leftY:5329.0
2023-01-02 16:14:55.773 1844-5107/? I/AICCTModule: AICurveModel: getNextPoint isLargeChange, 3003.0386, 5329.0
2023-01-02 16:14:55.773 1844-5107/? I/AICCTModule: AICurveModel: handleUpdateCCT cct change from 5329.0, to 5329.0
2023-01-02 16:14:55.773 1844-5107/? I/AICCTModule: AICurveModel: handleUpdateCCT TargetEffectPoint update, 3003.0386, 5329.0
2023-01-02 16:14:55.773 1844-5107/? I/AICCTModule: AICurveModel: onTargetCCTChange cct change to 5329.0
2023-01-02 16:14:55.893 1844-4101/? I/OplusHansManager: uid=10356, pkg=com.spotify.music can transition from M to F
2023-01-02 16:14:55.893 1844-4101/? I/OplusHansManager: uid=10356, pkg=com.spotify.music F enter(), M stay=10
2023-01-02 16:14:55.902 1844-4101/? I/OplusHansManager: freeze uid: 10356 com.spotify.music pids: [8146] scene: LcdOn
2023-01-02 16:14:55.905 8341-8362/? D/IHansComunication: HansComunication::addUid-- 10356, persistent--0
2023-01-02 16:14:55.905 8341-8362/? D/IHansComunication: HANS sendMessageToKernel: threadId = 520680881328, netLinkSetup = 1, type = PKG, targetUid = 10356, pkgCmd = ADD_ONE_UID
2023-01-02 16:14:56.034 1844-4104/? W/libc: Access denied finding property "ro.vendor.mtk_telephony_add_on_policy"
2023-01-02 16:14:56.035 4132-4165/? W/libc: Access denied finding property "ro.vendor.mtk_telephony_add_on_policy"
2023-01-02 16:14:56.036 3638-5204/? W/libc: Access denied finding property "ro.vendor.mtk_telephony_add_on_policy"
2023-01-02 16:14:56.036 4200-18871/? W/libc: Access denied finding property "ro.vendor.mtk_telephony_add_on_policy"
2023-01-02 16:14:56.106 12006-12006/com.xiaomi.athena_remocons I/HandlerManager: Receive handler status={"address_":"","error_":"","remoteStatus_":10,"scanDeviceInfo_":"","scanStatus_":1,"memoizedSerializedSize":-1,"unknownFields":{"count":0,"isMutable":false,"memoizedSerializedSize":0,"objects":[],"tags":[]},"memoizedHashCode":0}，create=false，click=false
2023-01-02 16:14:56.107 12006-12006/com.xiaomi.athena_remocons I/MainFragment: mode=3 pattern=3 order=0 mode type=0 error flag=0 isError=false isCharging=false lowBattery=0
2023-01-02 16:14:56.381 1844-3136/? I/UsageStatsService: User[0] Flushing usage stats to disk
2023-01-02 16:14:56.658 1844-2476/? I/OplusHansManager: unfreeze uid: 10356 com.spotify.music pids: [8146] reason: Broadcast scene: LcdOn
2023-01-02 16:14:56.659 1844-4101/? I/OplusHansManager: uid=10356, pkg=com.spotify.music, transition from Frozen to Middle, reason=Broadcast
2023-01-02 16:14:56.660 1844-4101/? I/OplusHansManager: uid=10356, pkg=com.spotify.music F exit(), F stay=0, reason=Broadcast
2023-01-02 16:14:56.799 1844-4104/? W/libc: Access denied finding property "ro.vendor.mtk_telephony_add_on_policy"
2023-01-02 16:14:56.800 1372-32062/? I/sensors-hal: handle_sns_std_sensor_event:177, rgb sample: cct_avg:3273, red_raw:51, green_raw:31, blue_raw:29, clear_raw:97, wide_raw:0
2023-01-02 16:14:56.801 1372-32062/? I/sensors-hal: handle_sns_std_sensor_event:179, rgb sample: cur_cct:3285, calc_ir:56, lux:32, again:0, atime:0, ts=3389340015207706
2023-01-02 16:14:56.803 4167-6049/? W/libc: Access denied finding property "ro.vendor.mtk_telephony_add_on_policy"
2023-01-02 16:14:56.804 4167-4578/? W/libc: Access denied finding property "ro.vendor.mtk_telephony_add_on_policy"
2023-01-02 16:14:56.804 3638-5204/? W/libc: Access denied finding property "ro.vendor.mtk_telephony_add_on_policy"
2023-01-02 16:14:56.806 4167-4578/? W/libc: Access denied finding property "ro.vendor.mtk_telephony_add_on_policy"
2023-01-02 16:14:56.806 4200-18871/? W/libc: Access denied finding property "ro.vendor.mtk_telephony_add_on_policy"
2023-01-02 16:14:56.806 4132-4165/? W/libc: Access denied finding property "ro.vendor.mtk_telephony_add_on_policy"
2023-01-02 16:14:56.807 4167-6049/? W/libc: Access denied finding property "ro.vendor.mtk_telephony_add_on_policy"
2023-01-02 16:14:56.811 20300-20518/? W/libc: Access denied finding property "ro.vendor.mtk_telephony_add_on_policy"
2023-01-02 16:14:56.811 30479-30888/? W/libc: Access denied finding property "ro.vendor.mtk_telephony_add_on_policy"
2023-01-02 16:14:56.811 31025-31043/? W/libc: Access denied finding property "ro.vendor.mtk_telephony_add_on_policy"
2023-01-02 16:14:56.811 32244-32410/? W/libc: Access denied finding property "ro.vendor.mtk_telephony_add_on_policy"
2023-01-02 16:14:56.907 8341-8362/? D/IHansComunication: HANS sendMessageToKernel: threadId = 520680881328, netLinkSetup = 1, type = FROZEN_TRANS, targetUid = 10356, pkgCmd = PKG_CMD_MAX
2023-01-02 16:14:57.077 12006-12006/com.xiaomi.athena_remocons I/MainFragment: mode=3 pattern=2 order=0 mode type=0 error flag=0 isError=false isCharging=false lowBattery=0
2023-01-02 16:14:57.324 12006-12006/com.xiaomi.athena_remocons I/HandlerManager: Receive handler status={"address_":"","error_":"","remoteStatus_":10,"scanDeviceInfo_":"","scanStatus_":3,"memoizedSerializedSize":-1,"unknownFields":{"count":0,"isMutable":false,"memoizedSerializedSize":0,"objects":[],"tags":[]},"memoizedHashCode":0}，create=false，click=false
2023-01-02 16:14:57.831 1844-1844/? I/AICCTModule: SensorFilter: findSecondNearestValue, cct
2023-01-02 16:14:57.831 1844-1844/? I/AICCTModule: SensorFilter: findSecondNearestValue, nearestMaxLux:3268.705
2023-01-02 16:14:57.831 1844-1844/? I/AICCTModule: SensorFilter: findSecondNearestValue, secondNearestLux:3269.1128
2023-01-02 16:14:57.831 1844-1844/? I/AICCTModule: SensorFilter: updateCCT fixed cct=3000.0
2023-01-02 16:14:57.831 1844-5107/? D/AICCTModule: AICurveModel: handleMessage MSG_SENSOR_CHANGED, mSensorValue:3000.0
2023-01-02 16:14:57.832 1844-5107/? D/AICCTModule: AICurveModel: handleUpdateCCT mSensorValue:3000.0, isReset:false
2023-01-02 16:14:57.832 1844-5107/? I/AICCTModule: AICurveModel: findPointByX x:10.877226, rightPoint:Point:(10.879999, 5329.0, 5329.0)
2023-01-02 16:14:57.832 1844-5107/? I/AICCTModule: AICurveModel: StablePoints has no dragSplineLine
2023-01-02 16:14:57.832 1844-5107/? I/AICCTModule: AICurveModel: StablePoints y1Left:5329.0, y2Left:0.0, leftY:5329.0
2023-01-02 16:14:57.832 1844-5107/? I/AICCTModule: AICurveModel: getNextPoint isLargeChange, 3003.0386, 5329.0
2023-01-02 16:14:57.832 1844-5107/? I/AICCTModule: AICurveModel: handleUpdateCCT cct change from 5329.0, to 5329.0
2023-01-02 16:14:57.832 1844-5107/? I/AICCTModule: AICurveModel: handleUpdateCCT TargetEffectPoint update, 3003.0386, 5329.0
2023-01-02 16:14:57.832 1844-5107/? I/AICCTModule: AICurveModel: onTargetCCTChange cct change to 5329.0
2023-01-02 16:14:58.275 1844-9411/? W/libc: Access denied finding property "ro.vendor.mtk_telephony_add_on_policy"
2023-01-02 16:14:58.277 4167-4578/? W/libc: Access denied finding property "ro.vendor.mtk_telephony_add_on_policy"
2023-01-02 16:14:58.277 4167-5787/? W/libc: Access denied finding property "ro.vendor.mtk_telephony_add_on_policy"
2023-01-02 16:14:58.278 4167-29360/? W/libc: Access denied finding property "ro.vendor.mtk_telephony_add_on_policy"
2023-01-02 16:14:58.278 4167-6049/? W/libc: Access denied finding property "ro.vendor.mtk_telephony_add_on_policy"
2023-01-02 16:14:58.278 4132-4165/? W/libc: Access denied finding property "ro.vendor.mtk_telephony_add_on_policy"
2023-01-02 16:14:58.279 3638-5204/? W/libc: Access denied finding property "ro.vendor.mtk_telephony_add_on_policy"
2023-01-02 16:14:58.281 4200-18871/? W/libc: Access denied finding property "ro.vendor.mtk_telephony_add_on_policy"
2023-01-02 16:14:58.281 31025-31043/? W/libc: Access denied finding property "ro.vendor.mtk_telephony_add_on_policy"
2023-01-02 16:14:58.281 32244-32410/? W/libc: Access denied finding property "ro.vendor.mtk_telephony_add_on_policy"
2023-01-02 16:14:58.281 30479-30888/? W/libc: Access denied finding property "ro.vendor.mtk_telephony_add_on_policy"
2023-01-02 16:14:58.282 20300-20518/? W/libc: Access denied finding property "ro.vendor.mtk_telephony_add_on_policy"
2023-01-02 16:14:58.286 12006-12006/com.xiaomi.athena_remocons I/MainFragment: mode=3 pattern=2 order=0 mode type=0 error flag=0 isError=false isCharging=false lowBattery=0
2023-01-02 16:14:58.449 1844-2560/? I/OplusSmartBrightnessController: deltaLux = 2.2313042, scale = 2.0897248
2023-01-02 16:14:58.449 1844-2564/? D/OplusSmartBrightnessController: handleMessage MSG_LUX_CHANGED, mLux:32.93225
2023-01-02 16:14:58.857 1372-32062/? I/sensors-hal: handle_sns_std_sensor_event:177, rgb sample: cct_avg:3277, red_raw:50, green_raw:30, blue_raw:28, clear_raw:95, wide_raw:0
2023-01-02 16:14:58.857 1372-32062/? I/sensors-hal: handle_sns_std_sensor_event:179, rgb sample: cur_cct:3308, calc_ir:57, lux:31, again:0, atime:0, ts=3389342072380779
2023-01-02 16:14:59.458 12006-12006/com.xiaomi.athena_remocons I/MainFragment: mode=3 pattern=2 order=0 mode type=0 error flag=0 isError=false isCharging=false lowBattery=0
2023-01-02 16:14:59.717 1567-2367/? D/VRR [OTI]: handleIdle from 0 to 1
2023-01-02 16:14:59.718 1567-2367/? D/VRR [OTI-HW]: isStateReady 1
2023-01-02 16:14:59.718 1567-2367/? D/VRR [OTI-HW]: rate range: min {id=1, hwcId=1, resolution=1080x2400, refreshRate=60.00 Hz, dpi=403.41x401.05, group=0} cur {id=0, hwcId=0, resolution=1080x2400, refreshRate=120.00 Hz, dpi=403.41x401.05, group=0} max {id=0, hwcId=0, resolution=1080x2400, refreshRate=120.00 Hz, dpi=403.41x401.05, group=0}
2023-01-02 16:14:59.718 1567-2367/? I/SurfaceFlinger: VRR [SurfaceFlinger] requestDisplayMode:60, modeId:1
2023-01-02 16:14:59.718 1567-2367/? I/SurfaceFlinger: VRR NOT Skipping mode 1 as it is part of vrr
2023-01-02 16:14:59.718 1567-2367/? D/SurfaceFlinger: VRR [SurfaceFlinger] setDesiredActiveMode: 60 event: 1 
2023-01-02 16:14:59.719 1567-2367/? I/OPE-[OPlusOSyncPerfConfigs]: isRightContentFps 60
2023-01-02 16:14:59.724 1400-1400/? I/IRIS_LOG_SERV: SetActiveConfig[1]: 60 2400x1080 => -1
2023-01-02 16:14:59.729 1400-1400/? I/SDM: HWDeviceDRM::UpdateMixerAttributes: Mixer WxH 1080x2400-0 for Peripheral
2023-01-02 16:14:59.729 1400-1400/? I/SDM: HWCDisplay::SubmitDisplayConfig: HWC SetActiveConfig [0,1], cur_resolution is (1080, 2400), new_resolution is (1080, 2400)
2023-01-02 16:14:59.729 1400-1400/? I/SDM: HWCDisplay::SubmitDisplayConfig: Active configuration changed to: 1
2023-01-02 16:14:59.730 1400-1400/? D/IRIS_LOG_COLR: Use kPbGamut HwConfigPayload
2023-01-02 16:14:59.757 1567-1567/? D/SurfaceFlinger: frame_rate=60
2023-01-02 16:14:59.758 1567-2367/? D/VRR [OTI-HW]: isStateReady 1
2023-01-02 16:14:59.758 1567-2367/? D/VRR [OTI-HW]: rate range: min {id=1, hwcId=1, resolution=1080x2400, refreshRate=60.00 Hz, dpi=403.41x401.05, group=0} cur {id=1, hwcId=1, resolution=1080x2400, refreshRate=60.00 Hz, dpi=403.41x401.05, group=0} max {id=0, hwcId=0, resolution=1080x2400, refreshRate=120.00 Hz, dpi=403.41x401.05, group=0}
2023-01-02 16:14:59.758 1567-2367/? D/VRR [OTI-HW]: keep rate.
2023-01-02 16:14:59.759 1844-2570/? D/VRR [OPlusRefreshRateService]: onConfigChanged physicalDisplayId: 4630947165351875458 modeId: 1
2023-01-02 16:14:59.762 1844-2405/? I/DisplayDeviceRepository: Display device changed: DisplayDeviceInfo{"Built-in Screen": uniqueId="local:4630947165351875458", 1080 x 2400, modeId 2, defaultModeId 1, supportedModes [{id=1, width=1080, height=2400, fps=120.00001, alternativeRefreshRates=[60.000004, 90.0]}, {id=2, width=1080, height=2400, fps=60.000004, alternativeRefreshRates=[90.0, 120.00001]}, {id=3, width=1080, height=2400, fps=90.0, alternativeRefreshRates=[60.000004, 120.00001]}], colorMode 0, supportedColorModes [0, 7, 9], hdrCapabilities HdrCapabilities{mSupportedHdrTypes=[2, 3, 4], mMaxLuminance=540.0, mMaxAverageLuminance=270.2, mMinLuminance=0.4}, allmSupported false, gameContentTypeSupported false, density 480, 403.411 x 401.052 dpi, appVsyncOff 1000000, presDeadline 16666666, cutout DisplayCutout{insets=Rect(0, 112 - 0, 0) waterfall=Insets{left=0, top=0, right=0, bottom=0} boundingRect={Bounds=[Rect(0, 0 - 0, 0), Rect(0, 0 - 165, 112), Rect(0, 0 - 0, 0), Rect(0, 0 - 0, 0)]} cutoutPathParserInfo={CutoutPathParserInfo{displayWidth=1080 displayHeight=2400 physicalDisplayWidth=1080 physicalDisplayHeight=2400 density={3.0} cutoutSpec={M -540,0 L -540,112 L -375,112 L -375,0 Z} rotation={0} scale={1.0} physicalPixelDisplaySizeRatio={1.0}}}}, touch INTERNAL, rotation 0, type INTERNAL, address {port=130, model=0x40446de93c6693}, deviceProductInfo DeviceProductInfo{name=, manufacturerPnpId=QCM, productId=1, modelYear=null, manufactureDate=ManufactureDate{week=27, year=2006}, connectionToSinkType=0}, state ON, frameRateOverride , brightnessMinimum 0.0, brightnessMaximum 1.0, brightnessDefault 3899.0, roundedCorners RoundedCorners{[RoundedCorner{position=TopLeft, radius=51, center=Point(51, 51)}, RoundedCorner{position=TopRight, radius=51, center=Point(1029, 51)}, RoundedCorner{position=BottomRight, radius=51, center=Point(1029, 2349)}, RoundedCorner{position=BottomLeft, radius=51, center=Point(51, 2349)}]}, FLAG_ALLOWED_TO_BE_DEFAULT_DISPLAY, FLAG_ROTATES_WITH_CONTENT, FLAG_SECURE, FLAG_SUPPORTS_PROTECTED_BUFFERS, installOrientation 0}
2023-01-02 16:14:59.768 1844-2405/? D/DisplayManagerService: Delivering display event: displayId=0, event=2
2023-01-02 16:14:59.770 1844-1844/? I/WallpaperManagerServiceExt: removeDisplayData. displayId = 0
2023-01-02 16:14:59.779 8341-8359/? E/IHansComunication: HANS printMessageBody: RCVed message body: type = 0, port = 86870, caller_pid = 1844, caller_uid = 1000, target_pid = 30814, target_uid = 10347, pkg_cmd = -1
2023-01-02 16:14:59.780 8341-8359/? E/IHansComunication: HANS printMessageBody: RCVed message body: type = 0, port = 86870, caller_pid = 1844, caller_uid = 1000, target_pid = 31509, target_uid = 10291, pkg_cmd = -1
2023-01-02 16:14:59.782 6499-6499/? D/OMG_Observer: mScreenWidthDisplay = 2400, mScreenHeightDisplay = 1080, mRotation = 1, mOrient = 2
2023-01-02 16:14:59.783 1844-4129/? I/OplusHansManager: unfreeze uid: 10347 fr.meteo pids: [30814, 30918] reason: AsyncBinder scene: LcdOn
2023-01-02 16:14:59.784 3638-4604/? D/ScreenDecorations: updateOrientation mRotation:1 newRotation:1 mRtl:false newRtl:false newLayoutDirection:0 mLayoutDirection0 mPendingRotationChange:false
2023-01-02 16:14:59.784 1844-4101/? I/OplusHansManager: uid=10347, pkg=fr.meteo, transition from Frozen to Middle, reason=AsyncBinder
2023-01-02 16:14:59.784 1844-4101/? I/OplusHansManager: uid=10347, pkg=fr.meteo F exit(), F stay=28, reason=AsyncBinder
2023-01-02 16:14:59.786 20300-20415/? I/BtGatt.ScanManager: msg.what = 8
2023-01-02 16:14:59.787 20300-20415/? I/BtGatt.ScanManager: msg.what = 5
2023-01-02 16:14:59.788 1844-4129/? I/OplusHansManager: unfreeze uid: 10291 com.tencent.mm pids: [11420, 9844, 32249, 31509, 29668] reason: AsyncBinder scene: LcdOn
2023-01-02 16:14:59.788 1844-4101/? I/OplusHansManager: uid=10291, pkg=com.tencent.mm, transition from Frozen to Middle, reason=AsyncBinder
2023-01-02 16:14:59.788 1844-4101/? I/OplusHansManager: uid=10291, pkg=com.tencent.mm F exit(), F stay=28, reason=AsyncBinder
2023-01-02 16:14:59.860 1844-2570/? D/VRR [OPlusRefreshRateService]: handleConfigIdChange physicalDisplayId: 4630947165351875458 configId: 1
2023-01-02 16:14:59.873 12006-12006/com.xiaomi.athena_remocons I/CyberDogClient: PatternManager onNext.{"errCode_":0,"isFeedback_":false,"lastPattern_":false,"patternstamped_":{"header_":{"frameId_":"","memoizedSerializedSize":-1,"unknownFields":{"count":0,"isMutable":false,"memoizedSerializedSize":0,"objects":[],"tags":[]},"memoizedHashCode":0},"pattern_":{"gaitPattern_":2,"memoizedSerializedSize":-1,"unknownFields":{"count":0,"isMutable":false,"memoizedSerializedSize":0,"objects":[],"tags":[]},"memoizedHashCode":0},"memoizedSerializedSize":-1,"unknownFields":{"count":0,"isMutable":false,"memoizedSerializedSize":0,"objects":[],"tags":[]},"memoizedHashCode":0},"requestId_":4,"succeed_":true,"memoizedSerializedSize":-1,"unknownFields":{"count":0,"isMutable":false,"memoizedSerializedSize":0,"objects":[],"tags":[]},"memoizedHashCode":0}
2023-01-02 16:14:59.875 12006-12006/com.xiaomi.athena_remocons I/CyberDogClient: PatternManager onCompleted.
2023-01-02 16:14:59.888 1844-1844/? I/AICCTModule: SensorFilter: findSecondNearestValue, cct
2023-01-02 16:14:59.888 1844-1844/? I/AICCTModule: SensorFilter: findSecondNearestValue, nearestMaxLux:3270.3032
2023-01-02 16:14:59.888 1844-1844/? I/AICCTModule: SensorFilter: findSecondNearestValue, secondNearestLux:3273.3147
2023-01-02 16:14:59.889 1844-1844/? I/AICCTModule: SensorFilter: updateCCT fixed cct=3000.0
2023-01-02 16:14:59.890 1844-5107/? D/AICCTModule: AICurveModel: handleMessage MSG_SENSOR_CHANGED, mSensorValue:3000.0
2023-01-02 16:14:59.890 1844-5107/? D/AICCTModule: AICurveModel: handleUpdateCCT mSensorValue:3000.0, isReset:false
2023-01-02 16:14:59.890 1844-5107/? I/AICCTModule: AICurveModel: findPointByX x:10.877226, rightPoint:Point:(10.879999, 5329.0, 5329.0)
2023-01-02 16:14:59.890 1844-5107/? I/AICCTModule: AICurveModel: StablePoints has no dragSplineLine
2023-01-02 16:14:59.890 1844-5107/? I/AICCTModule: AICurveModel: StablePoints y1Left:5329.0, y2Left:0.0, leftY:5329.0
2023-01-02 16:14:59.890 1844-5107/? I/AICCTModule: AICurveModel: getNextPoint isLargeChange, 3003.0386, 5329.0
2023-01-02 16:14:59.890 1844-5107/? I/AICCTModule: AICurveModel: handleUpdateCCT cct change from 5329.0, to 5329.0
2023-01-02 16:14:59.890 1844-5107/? I/AICCTModule: AICurveModel: handleUpdateCCT TargetEffectPoint update, 3003.0386, 5329.0
2023-01-02 16:14:59.890 1844-5107/? I/AICCTModule: AICurveModel: onTargetCCTChange cct change to 5329.0
2023-01-02 16:15:00.007 8158-8768/? D/PhoneScreenOnTime: affairType:231
2023-01-02 16:15:00.007 21792-21792/? I/WeatherS_WeatherServiceVersionUtils: serviceVersionCode13000010
2023-01-02 16:15:00.008 21792-21792/? I/WeatherS_WeatherServiceVersionUtils: serviceVersionCode13000010
2023-01-02 16:15:00.008 21792-21792/? I/WeatherS_WeatherServiceVersionUtils: serviceVersionCode13000010
2023-01-02 16:15:00.010 21792-21792/? I/WeatherS_WeatherServiceVersionUtils: serviceVersionCode13000010
2023-01-02 16:15:00.010 3638-3638/? D/SingleClockView: updateTime,  24hfmt=true, h=16, m=15
2023-01-02 16:15:00.010 8158-8768/? D/Utils: getLastScrChangeTime: 1672672440008
2023-01-02 16:15:00.010 8158-8768/? D/Utils: getScrOnSeconds: 60002
2023-01-02 16:15:00.010 8158-8768/? D/Utils: setLastScrChangeTime: 1672672500007
2023-01-02 16:15:00.012 8158-8768/? D/Utils: setScrOnSeconds: 120001
2023-01-02 16:15:00.013 8158-8768/? D/PhoneUsageTime: affairType:231
2023-01-02 16:15:00.013 8158-8768/? D/Utils: getLastChargeTime: 1672672440016
2023-01-02 16:15:00.014 8158-8768/? D/Utils: getLastChargeDurationTime: 43934
2023-01-02 16:15:00.015 1844-3993/? E/OplusCustomizeRestrictionManagerService: isBiometricDisabled start
2023-01-02 16:15:00.015 1844-4624/? E/OplusCustomizeRestrictionManagerService: isBiometricDisabled start
2023-01-02 16:15:00.101 1844-3480/? E/OplusNetworkStackManager: callback len = 2
2023-01-02 16:15:00.102 1844-3480/? D/OLK: INetworkScoreCallback() networkId: 1497 better = true, score = 100
2023-01-02 16:15:00.103 4200-18871/? E/OplusNetworkStackManager: callback len = 2
2023-01-02 16:15:00.103 4200-18871/? D/NetworkEvent: OplusNetworkScoreCbProxy invoke.....onNetworkQualityChange argslen:6
2023-01-02 16:15:00.103 4167-5787/? E/OplusNetworkStackManager: callback len = 1
2023-01-02 16:15:00.103 4200-18871/? D/OplusFastRecovery: OplusNetworkScoreCbProxy invoke.....onNetworkQualityChange argslen:6
2023-01-02 16:15:00.505 1844-2560/? I/OplusSmartBrightnessController: deltaLux = 1.932251, scale = 1.0
2023-01-02 16:15:00.505 1844-2564/? D/OplusSmartBrightnessController: handleMessage MSG_LUX_CHANGED, mLux:31.0
2023-01-02 16:15:00.637 12006-12006/com.xiaomi.athena_remocons I/MainFragment: mode=3 pattern=2 order=0 mode type=0 error flag=0 isError=false isCharging=false lowBattery=0
2023-01-02 16:15:00.914 1372-32062/? I/sensors-hal: handle_sns_std_sensor_event:177, rgb sample: cct_avg:3290, red_raw:49, green_raw:30, blue_raw:28, clear_raw:94, wide_raw:0
2023-01-02 16:15:00.915 1372-32062/? I/sensors-hal: handle_sns_std_sensor_event:179, rgb sample: cur_cct:3335, calc_ir:60, lux:30, again:0, atime:0, ts=3389344129527602
2023-01-02 16:15:01.836 12006-12006/com.xiaomi.athena_remocons I/MainFragment: mode=3 pattern=2 order=0 mode type=0 error flag=0 isError=false isCharging=false lowBattery=0
2023-01-02 16:15:01.946 1844-1844/? I/AICCTModule: SensorFilter: findSecondNearestValue, cct
2023-01-02 16:15:01.946 1844-1844/? I/AICCTModule: SensorFilter: findSecondNearestValue, nearestMaxLux:3264.2993
2023-01-02 16:15:01.946 1844-1844/? I/AICCTModule: SensorFilter: findSecondNearestValue, secondNearestLux:3264.6604
2023-01-02 16:15:01.946 1844-1844/? I/AICCTModule: SensorFilter: updateCCT fixed cct=3000.0
2023-01-02 16:15:01.947 1844-5107/? D/AICCTModule: AICurveModel: handleMessage MSG_SENSOR_CHANGED, mSensorValue:3000.0
2023-01-02 16:15:01.947 1844-5107/? D/AICCTModule: AICurveModel: handleUpdateCCT mSensorValue:3000.0, isReset:false
2023-01-02 16:15:01.947 1844-5107/? I/AICCTModule: AICurveModel: findPointByX x:10.877226, rightPoint:Point:(10.879999, 5329.0, 5329.0)
2023-01-02 16:15:01.947 1844-5107/? I/AICCTModule: AICurveModel: StablePoints has no dragSplineLine
2023-01-02 16:15:01.947 1844-5107/? I/AICCTModule: AICurveModel: StablePoints y1Left:5329.0, y2Left:0.0, leftY:5329.0
2023-01-02 16:15:01.947 1844-5107/? I/AICCTModule: AICurveModel: getNextPoint isLargeChange, 3003.0386, 5329.0
2023-01-02 16:15:01.948 1844-5107/? I/AICCTModule: AICurveModel: handleUpdateCCT cct change from 5329.0, to 5329.0
2023-01-02 16:15:01.948 1844-5107/? I/AICCTModule: AICurveModel: handleUpdateCCT TargetEffectPoint update, 3003.0386, 5329.0
2023-01-02 16:15:01.948 1844-5107/? I/AICCTModule: AICurveModel: onTargetCCTChange cct change to 5329.0
2023-01-02 16:15:02.170 12006-12006/com.xiaomi.athena_remocons I/HandlerManager: Receive handler status={"address_":"","error_":"","remoteStatus_":10,"scanDeviceInfo_":"","scanStatus_":1,"memoizedSerializedSize":-1,"unknownFields":{"count":0,"isMutable":false,"memoizedSerializedSize":0,"objects":[],"tags":[]},"memoizedHashCode":0}，create=false，click=false
2023-01-02 16:15:02.762 1844-2564/? D/OplusFeatureHDREnhanceBrightness: checkIsPlayingHDR isPlayingHDR=0 rotation=1 whiteApp=false battery=90
2023-01-02 16:15:02.973 1372-32062/? I/sensors-hal: handle_sns_std_sensor_event:177, rgb sample: cct_avg:3273, red_raw:49, green_raw:29, blue_raw:27, clear_raw:93, wide_raw:0
2023-01-02 16:15:02.973 1372-32062/? I/sensors-hal: handle_sns_std_sensor_event:179, rgb sample: cur_cct:3269, calc_ir:55, lux:30, again:0, atime:0, ts=3389346186594165
2023-01-02 16:15:02.975 1844-2560/? I/OplusSmartBrightnessController: deltaLux = 0.61149025, scale = 1.4865043
2023-01-02 16:15:02.976 1844-2564/? D/OplusSmartBrightnessController: handleMessage MSG_LUX_CHANGED, mLux:30.588638
2023-01-02 16:15:03.010 12006-12006/com.xiaomi.athena_remocons I/MainFragment: mode=3 pattern=2 order=0 mode type=0 error flag=0 isError=false isCharging=false lowBattery=0
2023-01-02 16:15:03.173 1844-3480/? E/OplusNetworkStackManager: callback len = 2
2023-01-02 16:15:03.174 1844-3480/? D/OLK: INetworkScoreCallback() networkId: 1497 better = false, score = 95
2023-01-02 16:15:03.175 4200-18871/? E/OplusNetworkStackManager: callback len = 2
2023-01-02 16:15:03.175 4167-6049/? E/OplusNetworkStackManager: callback len = 1
2023-01-02 16:15:03.176 4200-18871/? D/NetworkEvent: OplusNetworkScoreCbProxy invoke.....onNetworkQualityChange argslen:6
2023-01-02 16:15:03.176 4200-18871/? D/OplusFastRecovery: OplusNetworkScoreCbProxy invoke.....onNetworkQualityChange argslen:6
2023-01-02 16:15:03.208 12006-12006/com.xiaomi.athena_remocons I/HandlerManager: Receive handler status={"address_":"","error_":"","remoteStatus_":10,"scanDeviceInfo_":"","scanStatus_":3,"memoizedSerializedSize":-1,"unknownFields":{"count":0,"isMutable":false,"memoizedSerializedSize":0,"objects":[],"tags":[]},"memoizedHashCode":0}，create=false，click=false
2023-01-02 16:15:03.524 1844-4624/? W/libc: Access denied finding property "ro.vendor.mtk_telephony_add_on_policy"
