2023-01-02 16:15:03.527 4167-6049/? W/libc: Access denied finding property "ro.vendor.mtk_telephony_add_on_policy"
2023-01-02 16:15:03.527 4167-5787/? W/libc: Access denied finding property "ro.vendor.mtk_telephony_add_on_policy"
2023-01-02 16:15:03.528 4167-29360/? W/libc: Access denied finding property "ro.vendor.mtk_telephony_add_on_policy"
2023-01-02 16:15:03.529 3638-4012/? W/libc: Access denied finding property "ro.vendor.mtk_telephony_add_on_policy"
2023-01-02 16:15:03.529 4132-4165/? W/libc: Access denied finding property "ro.vendor.mtk_telephony_add_on_policy"
2023-01-02 16:15:03.529 4200-18871/? W/libc: Access denied finding property "ro.vendor.mtk_telephony_add_on_policy"
2023-01-02 16:15:03.530 4167-5787/? W/libc: Access denied finding property "ro.vendor.mtk_telephony_add_on_policy"
2023-01-02 16:15:03.530 20300-20518/? W/libc: Access denied finding property "ro.vendor.mtk_telephony_add_on_policy"
2023-01-02 16:15:03.531 30479-30888/? W/libc: Access denied finding property "ro.vendor.mtk_telephony_add_on_policy"
2023-01-02 16:15:03.532 32244-32410/? W/libc: Access denied finding property "ro.vendor.mtk_telephony_add_on_policy"
2023-01-02 16:15:03.533 31025-31043/? W/libc: Access denied finding property "ro.vendor.mtk_telephony_add_on_policy"
2023-01-02 16:15:03.541 1844-4087/? W/libc: Access denied finding property "ro.vendor.mtk_telephony_add_on_policy"
2023-01-02 16:15:03.542 4167-29360/? W/libc: Access denied finding property "ro.vendor.mtk_telephony_add_on_policy"
2023-01-02 16:15:03.542 4167-4578/? W/libc: Access denied finding property "ro.vendor.mtk_telephony_add_on_policy"
2023-01-02 16:15:03.543 4167-6049/? W/libc: Access denied finding property "ro.vendor.mtk_telephony_add_on_policy"
2023-01-02 16:15:03.543 3638-4012/? W/libc: Access denied finding property "ro.vendor.mtk_telephony_add_on_policy"
2023-01-02 16:15:03.543 4132-4165/? W/libc: Access denied finding property "ro.vendor.mtk_telephony_add_on_policy"
2023-01-02 16:15:03.543 4167-5787/? W/libc: Access denied finding property "ro.vendor.mtk_telephony_add_on_policy"
2023-01-02 16:15:03.543 4200-18871/? W/libc: Access denied finding property "ro.vendor.mtk_telephony_add_on_policy"
2023-01-02 16:15:03.544 20300-20518/? W/libc: Access denied finding property "ro.vendor.mtk_telephony_add_on_policy"
2023-01-02 16:15:03.544 30479-30888/? W/libc: Access denied finding property "ro.vendor.mtk_telephony_add_on_policy"
2023-01-02 16:15:03.544 32244-32410/? W/libc: Access denied finding property "ro.vendor.mtk_telephony_add_on_policy"
2023-01-02 16:15:03.546 31025-31043/? W/libc: Access denied finding property "ro.vendor.mtk_telephony_add_on_policy"
2023-01-02 16:15:04.002 1844-1844/? I/AICCTModule: SensorFilter: findSecondNearestValue, cct
2023-01-02 16:15:04.002 1844-1844/? I/AICCTModule: SensorFilter: findSecondNearestValue, nearestMaxLux:3257.8745
2023-01-02 16:15:04.002 1844-1844/? I/AICCTModule: SensorFilter: findSecondNearestValue, secondNearestLux:3268.663
2023-01-02 16:15:04.002 1844-1844/? I/AICCTModule: SensorFilter: updateCCT fixed cct=3000.0
2023-01-02 16:15:04.003 1844-5107/? D/AICCTModule: AICurveModel: handleMessage MSG_SENSOR_CHANGED, mSensorValue:3000.0
2023-01-02 16:15:04.003 1844-5107/? D/AICCTModule: AICurveModel: handleUpdateCCT mSensorValue:3000.0, isReset:false
2023-01-02 16:15:04.003 1844-5107/? I/AICCTModule: AICurveModel: findPointByX x:10.877226, rightPoint:Point:(10.879999, 5329.0, 5329.0)
2023-01-02 16:15:04.003 1844-5107/? I/AICCTModule: AICurveModel: StablePoints has no dragSplineLine
2023-01-02 16:15:04.003 1844-5107/? I/AICCTModule: AICurveModel: StablePoints y1Left:5329.0, y2Left:0.0, leftY:5329.0
2023-01-02 16:15:04.003 1844-5107/? I/AICCTModule: AICurveModel: getNextPoint isLargeChange, 3003.0386, 5329.0
2023-01-02 16:15:04.003 1844-5107/? I/AICCTModule: AICurveModel: handleUpdateCCT cct change from 5329.0, to 5329.0
2023-01-02 16:15:04.003 1844-5107/? I/AICCTModule: AICurveModel: handleUpdateCCT TargetEffectPoint update, 3003.0386, 5329.0
2023-01-02 16:15:04.003 1844-5107/? I/AICCTModule: AICurveModel: onTargetCCTChange cct change to 5329.0
2023-01-02 16:15:04.288 12006-12006/com.xiaomi.athena_remocons I/MainFragment: mode=3 pattern=2 order=0 mode type=0 error flag=0 isError=false isCharging=false lowBattery=0
2023-01-02 16:15:04.994 1844-4624/? W/libc: Access denied finding property "ro.vendor.mtk_telephony_add_on_policy"
2023-01-02 16:15:04.995 4167-5787/? W/libc: Access denied finding property "ro.vendor.mtk_telephony_add_on_policy"
2023-01-02 16:15:04.995 4167-6049/? W/libc: Access denied finding property "ro.vendor.mtk_telephony_add_on_policy"
2023-01-02 16:15:04.996 4167-4578/? W/libc: Access denied finding property "ro.vendor.mtk_telephony_add_on_policy"
2023-01-02 16:15:04.996 3638-4012/? W/libc: Access denied finding property "ro.vendor.mtk_telephony_add_on_policy"
2023-01-02 16:15:04.996 4132-4165/? W/libc: Access denied finding property "ro.vendor.mtk_telephony_add_on_policy"
2023-01-02 16:15:04.998 4167-29360/? W/libc: Access denied finding property "ro.vendor.mtk_telephony_add_on_policy"
2023-01-02 16:15:04.998 4200-18871/? W/libc: Access denied finding property "ro.vendor.mtk_telephony_add_on_policy"
2023-01-02 16:15:05.000 20300-20518/? W/libc: Access denied finding property "ro.vendor.mtk_telephony_add_on_policy"
2023-01-02 16:15:05.000 30479-30888/? W/libc: Access denied finding property "ro.vendor.mtk_telephony_add_on_policy"
2023-01-02 16:15:05.001 20300-20483/? D/HeadsetPhoneState: Updating the signal strength change to the apps
2023-01-02 16:15:05.001 20300-20483/? D/HeadsetPhoneState: sendDeviceStateChanged. mService=1 mIsSimStateLoaded=true mSignal=5 mRoam=0 mBatteryCharge=5
2023-01-02 16:15:05.001 31025-31043/? W/libc: Access denied finding property "ro.vendor.mtk_telephony_add_on_policy"
2023-01-02 16:15:05.001 20300-20483/? D/HeadsetService: onDeviceStateChanged
2023-01-02 16:15:05.001 20300-20483/? E/HeadsetStateMachine: returning mCurrentState as Connected
2023-01-02 16:15:05.001 32244-32410/? W/libc: Access denied finding property "ro.vendor.mtk_telephony_add_on_policy"
2023-01-02 16:15:05.002 20300-20483/? E/HeadsetStateMachine: returning mCurrentState as Disconnected
2023-01-02 16:15:05.002 20300-20483/? D/bt_btif: send_indicator_update: btif_trans_status:0 doing it in btif thread
2023-01-02 16:15:05.003 20300-20483/? D/bt_btif: send_indicator_update: btif_trans_status:0 doing it in btif thread
2023-01-02 16:15:05.003 20300-20483/? D/bt_btif: send_indicator_update: btif_trans_status:0 doing it in btif thread
2023-01-02 16:15:05.003 20300-20363/? D/bt_btif: btif_ag_result: switched to btif context
2023-01-02 16:15:05.003 20300-20363/? D/bt_btif: btif_ag_result: switched to btif context
2023-01-02 16:15:05.003 20300-20363/? D/bt_btif: btif_ag_result: switched to btif context
2023-01-02 16:15:05.003 20300-20440/? D/bt_btif: bta_ag_api_result: p_scb 0x1dcc22d0 
2023-01-02 16:15:05.003 20300-20440/? D/bt_btif: bta_ag_hfp_result : res = 5
2023-01-02 16:15:05.003 20300-20363/? D/bt_btif: btif_ag_result: switched to btif context
2023-01-02 16:15:05.003 20300-20440/? D/bt_btif: bta_ag_api_result: p_scb 0x1dcc22d0 
2023-01-02 16:15:05.003 20300-20440/? D/bt_btif: bta_ag_hfp_result : res = 5
2023-01-02 16:15:05.003 20300-20440/? D/bt_btif: bta_ag_api_result: p_scb 0x1dcc22d0 
2023-01-02 16:15:05.003 20300-20440/? D/bt_btif: bta_ag_hfp_result : res = 5
2023-01-02 16:15:05.003 20300-20440/? D/bt_btif: bta_ag_api_result: p_scb 0x1dcc22d0 
2023-01-02 16:15:05.003 20300-20440/? D/bt_btif: bta_ag_hfp_result : res = 5
2023-01-02 16:15:05.003 20300-20483/? D/bt_btif: send_indicator_update: btif_trans_status:0 doing it in btif thread
2023-01-02 16:15:05.028 1372-32062/? I/sensors-hal: handle_sns_std_sensor_event:177, rgb sample: cct_avg:3291, red_raw:49, green_raw:29, blue_raw:27, clear_raw:92, wide_raw:0
2023-01-02 16:15:05.029 1372-32062/? I/sensors-hal: handle_sns_std_sensor_event:179, rgb sample: cur_cct:3298, calc_ir:56, lux:30, again:0, atime:0, ts=3389348243665363
2023-01-02 16:15:05.030 1844-2560/? I/OplusSmartBrightnessController: deltaLux = 0.5886383, scale = 1.0
2023-01-02 16:15:05.030 1844-2564/? D/OplusSmartBrightnessController: handleMessage MSG_LUX_CHANGED, mLux:30.0
2023-01-02 16:15:05.037 8341-8359/? E/IHansComunication: HANS printMessageBody: RCVed message body: type = 4, port = 86870, caller_pid = -1, caller_uid = -1, target_pid = -1, target_uid = 10356, pkg_cmd = -1
2023-01-02 16:15:05.421 12006-12006/com.xiaomi.athena_remocons I/MainFragment: mode=3 pattern=2 order=0 mode type=0 error flag=0 isError=false isCharging=false lowBattery=0
2023-01-02 16:15:06.059 1844-1844/? I/AICCTModule: SensorFilter: findSecondNearestValue, cct
2023-01-02 16:15:06.060 1844-1844/? I/AICCTModule: SensorFilter: findSecondNearestValue, nearestMaxLux:3283.9219
2023-01-02 16:15:06.060 1844-1844/? I/AICCTModule: SensorFilter: findSecondNearestValue, secondNearestLux:3285.812
2023-01-02 16:15:06.060 1844-1844/? I/AICCTModule: SensorFilter: updateCCT fixed cct=3000.0
2023-01-02 16:15:06.060 1844-1844/? I/AICCTModule: SensorFilter: Enter low light due to lux low mean, ave = 30.0
2023-01-02 16:15:06.060 1844-5107/? D/AICCTModule: AICurveModel: handleMessage MSG_SENSOR_CHANGED, mSensorValue:3000.0
2023-01-02 16:15:06.061 1844-5107/? D/AICCTModule: AICurveModel: handleUpdateCCT mSensorValue:3000.0, isReset:false
2023-01-02 16:15:06.061 1844-5107/? I/AICCTModule: AICurveModel: findPointByX x:10.877226, rightPoint:Point:(10.879999, 5329.0, 5329.0)
2023-01-02 16:15:06.061 1844-5107/? I/AICCTModule: AICurveModel: StablePoints has no dragSplineLine
2023-01-02 16:15:06.061 1844-5107/? I/AICCTModule: AICurveModel: StablePoints y1Left:5329.0, y2Left:0.0, leftY:5329.0
2023-01-02 16:15:06.061 1844-5107/? I/AICCTModule: AICurveModel: getNextPoint isLargeChange, 3003.0386, 5329.0
2023-01-02 16:15:06.061 1844-5107/? I/AICCTModule: AICurveModel: handleUpdateCCT cct change from 5329.0, to 5329.0
2023-01-02 16:15:06.061 1844-5107/? I/AICCTModule: AICurveModel: handleUpdateCCT TargetEffectPoint update, 3003.0386, 5329.0
2023-01-02 16:15:06.061 1844-5107/? I/AICCTModule: AICurveModel: onTargetCCTChange cct change to 5329.0
2023-01-02 16:15:06.246 1844-3480/? E/OplusNetworkStackManager: callback len = 2
2023-01-02 16:15:06.246 1844-3480/? D/OLK: INetworkScoreCallback() networkId: 1497 better = true, score = 100
2023-01-02 16:15:06.247 4200-18871/? E/OplusNetworkStackManager: callback len = 2
2023-01-02 16:15:06.248 4200-18871/? D/NetworkEvent: OplusNetworkScoreCbProxy invoke.....onNetworkQualityChange argslen:6
2023-01-02 16:15:06.248 4200-18871/? D/OplusFastRecovery: OplusNetworkScoreCbProxy invoke.....onNetworkQualityChange argslen:6
2023-01-02 16:15:06.248 4167-4578/? E/OplusNetworkStackManager: callback len = 1
2023-01-02 16:15:06.575 12006-12006/com.xiaomi.athena_remocons I/MainFragment: mode=3 pattern=2 order=0 mode type=0 error flag=0 isError=false isCharging=false lowBattery=0
2023-01-02 16:15:06.681 1844-4101/? I/OplusHansManager: uid=10356, pkg=com.spotify.music can transition from M to F
2023-01-02 16:15:06.681 1844-4101/? I/OplusHansManager: uid=10356, pkg=com.spotify.music F enter(), M stay=10
2023-01-02 16:15:06.689 1844-4101/? I/OplusHansManager: freeze uid: 10356 com.spotify.music pids: [8146] scene: LcdOn
2023-01-02 16:15:06.690 8341-8362/? D/IHansComunication: HansComunication::addUid-- 10356, persistent--0
2023-01-02 16:15:06.691 8341-8362/? D/IHansComunication: HANS sendMessageToKernel: threadId = 520680881328, netLinkSetup = 1, type = PKG, targetUid = 10356, pkgCmd = ADD_ONE_UID
2023-01-02 16:15:06.901 1844-2476/? I/OplusHansManager: unfreeze uid: 10356 com.spotify.music pids: [8146] reason: Broadcast scene: LcdOn
2023-01-02 16:15:06.902 1844-4101/? I/OplusHansManager: uid=10356, pkg=com.spotify.music, transition from Frozen to Middle, reason=Broadcast
2023-01-02 16:15:06.902 1844-4101/? I/OplusHansManager: uid=10356, pkg=com.spotify.music F exit(), F stay=0, reason=Broadcast
2023-01-02 16:15:07.086 1372-32062/? I/sensors-hal: handle_sns_std_sensor_event:177, rgb sample: cct_avg:3285, red_raw:49, green_raw:29, blue_raw:27, clear_raw:92, wide_raw:0
2023-01-02 16:15:07.087 1372-32062/? I/sensors-hal: handle_sns_std_sensor_event:179, rgb sample: cur_cct:3214, calc_ir:57, lux:30, again:0, atime:0, ts=3389350300755258
2023-01-02 16:15:07.090 1844-2564/? D/OplusSmartBrightnessController: handleMessage MSG_LUX_CHANGED, mLux:30.0
2023-01-02 16:15:07.692 8341-8362/? D/IHansComunication: HANS sendMessageToKernel: threadId = 520680881328, netLinkSetup = 1, type = FROZEN_TRANS, targetUid = 10356, pkgCmd = PKG_CMD_MAX
2023-01-02 16:15:07.787 12006-12006/com.xiaomi.athena_remocons I/MainFragment: mode=3 pattern=2 order=0 mode type=0 error flag=0 isError=false isCharging=false lowBattery=0
2023-01-02 16:15:08.116 1844-1844/? I/AICCTModule: SensorFilter: findSecondNearestValue, cct
2023-01-02 16:15:08.116 1844-1844/? I/AICCTModule: SensorFilter: findSecondNearestValue, nearestMaxLux:3282.4624
2023-01-02 16:15:08.116 1844-1844/? I/AICCTModule: SensorFilter: findSecondNearestValue, secondNearestLux:3284.8687
2023-01-02 16:15:08.116 1844-1844/? I/AICCTModule: SensorFilter: updateCCT fixed cct=3000.0
2023-01-02 16:15:08.116 1844-1844/? I/AICCTModule: SensorFilter: Enter low light due to lux low mean, ave = 30.0
2023-01-02 16:15:08.117 1844-5107/? D/AICCTModule: AICurveModel: handleMessage MSG_SENSOR_CHANGED, mSensorValue:3000.0
2023-01-02 16:15:08.117 1844-5107/? D/AICCTModule: AICurveModel: handleUpdateCCT mSensorValue:3000.0, isReset:false
2023-01-02 16:15:08.117 1844-5107/? I/AICCTModule: AICurveModel: findPointByX x:10.877226, rightPoint:Point:(10.879999, 5329.0, 5329.0)
2023-01-02 16:15:08.117 1844-5107/? I/AICCTModule: AICurveModel: StablePoints has no dragSplineLine
2023-01-02 16:15:08.117 1844-5107/? I/AICCTModule: AICurveModel: StablePoints y1Left:5329.0, y2Left:0.0, leftY:5329.0
2023-01-02 16:15:08.117 1844-5107/? I/AICCTModule: AICurveModel: getNextPoint isLargeChange, 3003.0386, 5329.0
2023-01-02 16:15:08.117 1844-5107/? I/AICCTModule: AICurveModel: handleUpdateCCT cct change from 5329.0, to 5329.0
2023-01-02 16:15:08.117 1844-5107/? I/AICCTModule: AICurveModel: handleUpdateCCT TargetEffectPoint update, 3003.0386, 5329.0
2023-01-02 16:15:08.117 1844-5107/? I/AICCTModule: AICurveModel: onTargetCCTChange cct change to 5329.0
2023-01-02 16:15:08.276 12006-12006/com.xiaomi.athena_remocons I/HandlerManager: Receive handler status={"address_":"","error_":"","remoteStatus_":10,"scanDeviceInfo_":"","scanStatus_":1,"memoizedSerializedSize":-1,"unknownFields":{"count":0,"isMutable":false,"memoizedSerializedSize":0,"objects":[],"tags":[]},"memoizedHashCode":0}，create=false，click=false
2023-01-02 16:15:08.945 12006-12006/com.xiaomi.athena_remocons I/MainFragment: mode=3 pattern=2 order=0 mode type=0 error flag=0 isError=false isCharging=false lowBattery=0
2023-01-02 16:15:09.126 1844-2564/? D/OplusSmartBrightnessController: handleMessage MSG_LUX_CHANGED, mLux:30.0
2023-01-02 16:15:09.143 1372-32062/? I/sensors-hal: handle_sns_std_sensor_event:177, rgb sample: cct_avg:3288, red_raw:48, green_raw:29, blue_raw:27, clear_raw:92, wide_raw:0
2023-01-02 16:15:09.143 1372-32062/? I/sensors-hal: handle_sns_std_sensor_event:179, rgb sample: cur_cct:3302, calc_ir:53, lux:30, again:0, atime:0, ts=3389352357750050
2023-01-02 16:15:09.313 12006-12006/com.xiaomi.athena_remocons I/HandlerManager: Receive handler status={"address_":"","error_":"","remoteStatus_":10,"scanDeviceInfo_":"","scanStatus_":3,"memoizedSerializedSize":-1,"unknownFields":{"count":0,"isMutable":false,"memoizedSerializedSize":0,"objects":[],"tags":[]},"memoizedHashCode":0}，create=false，click=false
2023-01-02 16:15:09.318 1844-3480/? E/OplusNetworkStackManager: callback len = 2
2023-01-02 16:15:09.318 1844-3480/? D/OLK: INetworkScoreCallback() networkId: 1497 better = false, score = 88
2023-01-02 16:15:09.319 4200-18871/? E/OplusNetworkStackManager: callback len = 2
2023-01-02 16:15:09.319 4200-18871/? D/NetworkEvent: OplusNetworkScoreCbProxy invoke.....onNetworkQualityChange argslen:6
2023-01-02 16:15:09.319 4200-18871/? D/OplusFastRecovery: OplusNetworkScoreCbProxy invoke.....onNetworkQualityChange argslen:6
2023-01-02 16:15:09.319 4167-29360/? E/OplusNetworkStackManager: callback len = 1
2023-01-02 16:15:09.724 1403-590/? E/ANDR-PERF-CLIENT: Test_Tag client.cpp - perf_hint start
2023-01-02 16:15:09.799 1844-4101/? I/OplusHansManager: uid=10347, pkg=fr.meteo can transition from M to F
2023-01-02 16:15:09.799 1844-4101/? I/OplusHansManager: uid=10347, pkg=fr.meteo F enter(), M stay=10
2023-01-02 16:15:09.811 1844-4101/? I/OplusHansManager: freeze uid: 10347 fr.meteo pids: [30814, 30918] IsolatedUid: [99059] scene: LcdOn
2023-01-02 16:15:09.817 8341-8362/? D/IHansComunication: HansComunication::addUid-- 10347, persistent--0
2023-01-02 16:15:09.817 8341-8362/? D/IHansComunication: HANS sendMessageToKernel: threadId = 520680881328, netLinkSetup = 1, type = PKG, targetUid = 10347, pkgCmd = ADD_ONE_UID
2023-01-02 16:15:09.821 1844-4101/? I/OplusHansManager: uid=10291, pkg=com.tencent.mm can transition from M to F
2023-01-02 16:15:09.822 1844-4101/? I/OplusHansManager: uid=10291, pkg=com.tencent.mm F enter(), M stay=10
2023-01-02 16:15:09.822 8341-8362/? D/IHansComunication: HansComunication::addUid-- 10291, persistent--0
2023-01-02 16:15:09.822 8341-8362/? D/IHansComunication: HANS sendMessageToKernel: threadId = 520680881328, netLinkSetup = 1, type = PKG, targetUid = 10291, pkgCmd = ADD_ONE_UID
2023-01-02 16:15:09.835 1844-4101/? I/OplusHansManager: freeze uid: 10291 com.tencent.mm pids: [11420, 9844, 32249, 31509, 29668] IsolatedUid: [99938] scene: LcdOn
2023-01-02 16:15:09.836 8341-8362/? D/IHansComunication: HansComunication::addUid-- 10291, persistent--0
2023-01-02 16:15:09.836 8341-8362/? D/IHansComunication: HANS sendMessageToKernel: threadId = 520680881328, netLinkSetup = 1, type = PKG, targetUid = 10291, pkgCmd = ADD_ONE_UID
2023-01-02 16:15:10.134 12006-12006/com.xiaomi.athena_remocons I/MainFragment: mode=3 pattern=2 order=0 mode type=0 error flag=0 isError=false isCharging=false lowBattery=0
2023-01-02 16:15:10.173 1844-1844/? I/AICCTModule: SensorFilter: findSecondNearestValue, cct
2023-01-02 16:15:10.174 1844-1844/? I/AICCTModule: SensorFilter: findSecondNearestValue, nearestMaxLux:3278.7593
2023-01-02 16:15:10.174 1844-1844/? I/AICCTModule: SensorFilter: findSecondNearestValue, secondNearestLux:3279.8562
2023-01-02 16:15:10.174 1844-1844/? I/AICCTModule: SensorFilter: updateCCT fixed cct=3000.0
2023-01-02 16:15:10.174 1844-5107/? D/AICCTModule: AICurveModel: handleMessage MSG_SENSOR_CHANGED, mSensorValue:3000.0
2023-01-02 16:15:10.174 1844-5107/? D/AICCTModule: AICurveModel: handleUpdateCCT mSensorValue:3000.0, isReset:false
2023-01-02 16:15:10.174 1844-5107/? I/AICCTModule: AICurveModel: findPointByX x:10.877226, rightPoint:Point:(10.879999, 5329.0, 5329.0)
2023-01-02 16:15:10.174 1844-5107/? I/AICCTModule: AICurveModel: StablePoints has no dragSplineLine
2023-01-02 16:15:10.174 1844-5107/? I/AICCTModule: AICurveModel: StablePoints y1Left:5329.0, y2Left:0.0, leftY:5329.0
2023-01-02 16:15:10.175 1844-5107/? I/AICCTModule: AICurveModel: getNextPoint isLargeChange, 3003.0386, 5329.0
2023-01-02 16:15:10.175 1844-5107/? I/AICCTModule: AICurveModel: handleUpdateCCT cct change from 5329.0, to 5329.0
2023-01-02 16:15:10.175 1844-5107/? I/AICCTModule: AICurveModel: handleUpdateCCT TargetEffectPoint update, 3003.0386, 5329.0
2023-01-02 16:15:10.175 1844-5107/? I/AICCTModule: AICurveModel: onTargetCCTChange cct change to 5329.0
2023-01-02 16:15:10.342 1844-3480/? E/OplusNetworkStackManager: callback len = 2
2023-01-02 16:15:10.342 1844-3480/? D/OLK: INetworkScoreCallback() networkId: 1497 better = false, score = 83
2023-01-02 16:15:10.344 4200-18871/? E/OplusNetworkStackManager: callback len = 2
2023-01-02 16:15:10.345 4200-18871/? D/NetworkEvent: OplusNetworkScoreCbProxy invoke.....onNetworkQualityChange argslen:6
2023-01-02 16:15:10.345 4167-29360/? E/OplusNetworkStackManager: callback len = 1
2023-01-02 16:15:10.345 4200-18871/? D/OplusFastRecovery: OplusNetworkScoreCbProxy invoke.....onNetworkQualityChange argslen:6
2023-01-02 16:15:10.814 8341-8362/? D/IHansComunication: HANS sendMessageToKernel: threadId = 520680881328, netLinkSetup = 1, type = FROZEN_TRANS, targetUid = 10347, pkgCmd = PKG_CMD_MAX
2023-01-02 16:15:10.836 8341-8362/? D/IHansComunication: HANS sendMessageToKernel: threadId = 520680881328, netLinkSetup = 1, type = FROZEN_TRANS, targetUid = 10291, pkgCmd = PKG_CMD_MAX
2023-01-02 16:15:11.150 1844-2564/? D/OplusSmartBrightnessController: handleMessage MSG_LUX_CHANGED, mLux:30.0
2023-01-02 16:15:11.200 1372-32062/? I/sensors-hal: handle_sns_std_sensor_event:177, rgb sample: cct_avg:3287, red_raw:49, green_raw:30, blue_raw:27, clear_raw:92, wide_raw:0
2023-01-02 16:15:11.200 1372-32062/? I/sensors-hal: handle_sns_std_sensor_event:179, rgb sample: cur_cct:3237, calc_ir:60, lux:30, again:0, atime:0, ts=3389354414782735
2023-01-02 16:15:11.325 12006-12006/com.xiaomi.athena_remocons I/MainFragment: mode=3 pattern=2 order=0 mode type=0 error flag=0 isError=false isCharging=false lowBattery=0
2023-01-02 16:15:12.230 1844-1844/? I/AICCTModule: SensorFilter: findSecondNearestValue, cct
2023-01-02 16:15:12.231 1844-1844/? I/AICCTModule: SensorFilter: findSecondNearestValue, nearestMaxLux:3287.7046
2023-01-02 16:15:12.231 1844-1844/? I/AICCTModule: SensorFilter: findSecondNearestValue, secondNearestLux:3290.2715
2023-01-02 16:15:12.231 1844-1844/? I/AICCTModule: SensorFilter: updateCCT fixed cct=3000.0
2023-01-02 16:15:12.231 1844-1844/? I/AICCTModule: SensorFilter: Enter low light due to lux low mean, ave = 30.0
2023-01-02 16:15:12.231 1844-5107/? D/AICCTModule: AICurveModel: handleMessage MSG_SENSOR_CHANGED, mSensorValue:3000.0
2023-01-02 16:15:12.231 1844-5107/? D/AICCTModule: AICurveModel: handleUpdateCCT mSensorValue:3000.0, isReset:false
2023-01-02 16:15:12.231 1844-5107/? I/AICCTModule: AICurveModel: findPointByX x:10.877226, rightPoint:Point:(10.879999, 5329.0, 5329.0)
2023-01-02 16:15:12.231 1844-5107/? I/AICCTModule: AICurveModel: StablePoints has no dragSplineLine
2023-01-02 16:15:12.232 1844-5107/? I/AICCTModule: AICurveModel: StablePoints y1Left:5329.0, y2Left:0.0, leftY:5329.0
2023-01-02 16:15:12.232 1844-5107/? I/AICCTModule: AICurveModel: getNextPoint isLargeChange, 3003.0386, 5329.0
2023-01-02 16:15:12.232 1844-5107/? I/AICCTModule: AICurveModel: handleUpdateCCT cct change from 5329.0, to 5329.0
2023-01-02 16:15:12.232 1844-5107/? I/AICCTModule: AICurveModel: handleUpdateCCT TargetEffectPoint update, 3003.0386, 5329.0
2023-01-02 16:15:12.232 1844-5107/? I/AICCTModule: AICurveModel: onTargetCCTChange cct change to 5329.0
2023-01-02 16:15:12.390 1844-3480/? E/OplusNetworkStackManager: callback len = 2
2023-01-02 16:15:12.390 1844-3480/? D/OLK: INetworkScoreCallback() networkId: 1497 better = true, score = 95
2023-01-02 16:15:12.392 4200-18871/? E/OplusNetworkStackManager: callback len = 2
2023-01-02 16:15:12.392 4167-29360/? E/OplusNetworkStackManager: callback len = 1
2023-01-02 16:15:12.392 4200-18871/? D/NetworkEvent: OplusNetworkScoreCbProxy invoke.....onNetworkQualityChange argslen:6
2023-01-02 16:15:12.392 4200-18871/? D/OplusFastRecovery: OplusNetworkScoreCbProxy invoke.....onNetworkQualityChange argslen:6
2023-01-02 16:15:12.512 12006-12006/com.xiaomi.athena_remocons I/MainFragment: mode=3 pattern=2 order=0 mode type=0 error flag=0 isError=false isCharging=false lowBattery=0
2023-01-02 16:15:13.173 1844-4101/? I/OplusHansManager: uid=10265, pkg=com.fitbit.FitbitMobile cannot transition from M to F, importance=bt
2023-01-02 16:15:13.257 1372-32062/? I/sensors-hal: handle_sns_std_sensor_event:177, rgb sample: cct_avg:3267, red_raw:49, green_raw:29, blue_raw:28, clear_raw:93, wide_raw:0
2023-01-02 16:15:13.257 1372-32062/? I/sensors-hal: handle_sns_std_sensor_event:179, rgb sample: cur_cct:3329, calc_ir:58, lux:30, again:0, atime:0, ts=3389356471856069
2023-01-02 16:15:13.701 12006-12006/com.xiaomi.athena_remocons I/MainFragment: mode=3 pattern=2 order=0 mode type=0 error flag=0 isError=false isCharging=false lowBattery=0
2023-01-02 16:15:14.287 1844-1844/? I/AICCTModule: SensorFilter: findSecondNearestValue, cct
2023-01-02 16:15:14.288 1844-1844/? I/AICCTModule: SensorFilter: findSecondNearestValue, nearestMaxLux:3254.06
2023-01-02 16:15:14.288 1844-1844/? I/AICCTModule: SensorFilter: findSecondNearestValue, secondNearestLux:3255.5776
2023-01-02 16:15:14.288 1844-1844/? I/AICCTModule: SensorFilter: updateCCT fixed cct=3000.0
2023-01-02 16:15:14.289 1844-5107/? D/AICCTModule: AICurveModel: handleMessage MSG_SENSOR_CHANGED, mSensorValue:3000.0
2023-01-02 16:15:14.289 1844-5107/? D/AICCTModule: AICurveModel: handleUpdateCCT mSensorValue:3000.0, isReset:false
2023-01-02 16:15:14.289 1844-5107/? I/AICCTModule: AICurveModel: findPointByX x:10.877226, rightPoint:Point:(10.879999, 5329.0, 5329.0)
2023-01-02 16:15:14.289 1844-5107/? I/AICCTModule: AICurveModel: StablePoints has no dragSplineLine
2023-01-02 16:15:14.289 1844-5107/? I/AICCTModule: AICurveModel: StablePoints y1Left:5329.0, y2Left:0.0, leftY:5329.0
2023-01-02 16:15:14.289 1844-5107/? I/AICCTModule: AICurveModel: getNextPoint isLargeChange, 3003.0386, 5329.0
2023-01-02 16:15:14.289 1844-5107/? I/AICCTModule: AICurveModel: handleUpdateCCT cct change from 5329.0, to 5329.0
2023-01-02 16:15:14.289 1844-5107/? I/AICCTModule: AICurveModel: handleUpdateCCT TargetEffectPoint update, 3003.0386, 5329.0
2023-01-02 16:15:14.289 1844-5107/? I/AICCTModule: AICurveModel: onTargetCCTChange cct change to 5329.0
2023-01-02 16:15:14.374 12006-12006/com.xiaomi.athena_remocons I/HandlerManager: Receive handler status={"address_":"","error_":"","remoteStatus_":10,"scanDeviceInfo_":"","scanStatus_":1,"memoizedSerializedSize":-1,"unknownFields":{"count":0,"isMutable":false,"memoizedSerializedSize":0,"objects":[],"tags":[]},"memoizedHashCode":0}，create=false，click=false
2023-01-02 16:15:14.616 1844-4101/? I/OplusHansManager: uid=10345, pkg=com.garmin.android.apps.connectmobile cannot transition from R to M, importance=fg-service
2023-01-02 16:15:14.626 1844-4101/? I/OplusHansManager: uid=10366, pkg=com.google.android.apps.wear.companion cannot transition from M to F, importance=bt
2023-01-02 16:15:14.896 12006-12006/com.xiaomi.athena_remocons I/MainFragment: mode=3 pattern=2 order=0 mode type=0 error flag=0 isError=false isCharging=false lowBattery=0
2023-01-02 16:15:15.111 1844-2564/? D/OplusSmartBrightnessController: handleMessage MSG_LUX_CHANGED, mLux:30.156006
2023-01-02 16:15:15.314 1372-32062/? I/sensors-hal: handle_sns_std_sensor_event:177, rgb sample: cct_avg:3258, red_raw:49, green_raw:30, blue_raw:28, clear_raw:93, wide_raw:0
2023-01-02 16:15:15.314 1372-32062/? I/sensors-hal: handle_sns_std_sensor_event:179, rgb sample: cur_cct:3304, calc_ir:58, lux:30, again:0, atime:0, ts=3389358528960080
2023-01-02 16:15:15.427 12006-12006/com.xiaomi.athena_remocons I/HandlerManager: Receive handler status={"address_":"","error_":"","remoteStatus_":10,"scanDeviceInfo_":"","scanStatus_":3,"memoizedSerializedSize":-1,"unknownFields":{"count":0,"isMutable":false,"memoizedSerializedSize":0,"objects":[],"tags":[]},"memoizedHashCode":0}，create=false，click=false
2023-01-02 16:15:16.071 12006-12006/com.xiaomi.athena_remocons I/MainFragment: mode=3 pattern=2 order=0 mode type=0 error flag=0 isError=false isCharging=false lowBattery=0
2023-01-02 16:15:16.197 1844-4624/? W/libc: Access denied finding property "ro.vendor.mtk_telephony_add_on_policy"
2023-01-02 16:15:16.200 3638-4012/? W/libc: Access denied finding property "ro.vendor.mtk_telephony_add_on_policy"
2023-01-02 16:15:16.200 4167-29360/? W/libc: Access denied finding property "ro.vendor.mtk_telephony_add_on_policy"
2023-01-02 16:15:16.200 4167-4578/? W/libc: Access denied finding property "ro.vendor.mtk_telephony_add_on_policy"
2023-01-02 16:15:16.200 4167-6049/? W/libc: Access denied finding property "ro.vendor.mtk_telephony_add_on_policy"
2023-01-02 16:15:16.201 4167-5787/? W/libc: Access denied finding property "ro.vendor.mtk_telephony_add_on_policy"
2023-01-02 16:15:16.202 4132-4165/? W/libc: Access denied finding property "ro.vendor.mtk_telephony_add_on_policy"
2023-01-02 16:15:16.202 4200-18871/? W/libc: Access denied finding property "ro.vendor.mtk_telephony_add_on_policy"
2023-01-02 16:15:16.208 20300-20518/? W/libc: Access denied finding property "ro.vendor.mtk_telephony_add_on_policy"
2023-01-02 16:15:16.208 30479-30888/? W/libc: Access denied finding property "ro.vendor.mtk_telephony_add_on_policy"
2023-01-02 16:15:16.209 31025-31043/? W/libc: Access denied finding property "ro.vendor.mtk_telephony_add_on_policy"
2023-01-02 16:15:16.210 32244-32410/? W/libc: Access denied finding property "ro.vendor.mtk_telephony_add_on_policy"
2023-01-02 16:15:16.345 1844-1844/? I/AICCTModule: SensorFilter: findSecondNearestValue, cct
2023-01-02 16:15:16.345 1844-1844/? I/AICCTModule: SensorFilter: findSecondNearestValue, nearestMaxLux:3257.5586
2023-01-02 16:15:16.346 1844-1844/? I/AICCTModule: SensorFilter: findSecondNearestValue, secondNearestLux:3257.7524
2023-01-02 16:15:16.346 1844-1844/? I/AICCTModule: SensorFilter: updateCCT fixed cct=3000.0
2023-01-02 16:15:16.346 1844-1844/? I/AICCTModule: SensorFilter: Enter low light due to lux low mean, ave = 30.0
2023-01-02 16:15:16.346 1844-5107/? D/AICCTModule: AICurveModel: handleMessage MSG_SENSOR_CHANGED, mSensorValue:3000.0
2023-01-02 16:15:16.346 1844-5107/? D/AICCTModule: AICurveModel: handleUpdateCCT mSensorValue:3000.0, isReset:false
2023-01-02 16:15:16.346 1844-5107/? I/AICCTModule: AICurveModel: findPointByX x:10.877226, rightPoint:Point:(10.879999, 5329.0, 5329.0)
2023-01-02 16:15:16.346 1844-5107/? I/AICCTModule: AICurveModel: StablePoints has no dragSplineLine
2023-01-02 16:15:16.346 1844-5107/? I/AICCTModule: AICurveModel: StablePoints y1Left:5329.0, y2Left:0.0, leftY:5329.0
2023-01-02 16:15:16.346 1844-5107/? I/AICCTModule: AICurveModel: getNextPoint isLargeChange, 3003.0386, 5329.0
2023-01-02 16:15:16.346 1844-5107/? I/AICCTModule: AICurveModel: handleUpdateCCT cct change from 5329.0, to 5329.0
2023-01-02 16:15:16.347 1844-5107/? I/AICCTModule: AICurveModel: handleUpdateCCT TargetEffectPoint update, 3003.0386, 5329.0
2023-01-02 16:15:16.347 1844-5107/? I/AICCTModule: AICurveModel: onTargetCCTChange cct change to 5329.0
2023-01-02 16:15:16.918 1844-4101/? I/OplusHansManager: uid=10356, pkg=com.spotify.music can transition from M to F
2023-01-02 16:15:16.918 1844-4101/? I/OplusHansManager: uid=10356, pkg=com.spotify.music F enter(), M stay=10
2023-01-02 16:15:16.930 1844-4101/? I/OplusHansManager: freeze uid: 10356 com.spotify.music pids: [8146] scene: LcdOn
2023-01-02 16:15:16.931 8341-8362/? D/IHansComunication: HansComunication::addUid-- 10356, persistent--0
2023-01-02 16:15:16.931 8341-8362/? D/IHansComunication: HANS sendMessageToKernel: threadId = 520680881328, netLinkSetup = 1, type = PKG, targetUid = 10356, pkgCmd = ADD_ONE_UID
2023-01-02 16:15:17.168 1844-2560/? I/OplusSmartBrightnessController: deltaLux = 0.15600586, scale = 1.0
2023-01-02 16:15:17.169 1844-2564/? D/OplusSmartBrightnessController: handleMessage MSG_LUX_CHANGED, mLux:30.0
2023-01-02 16:15:17.267 12006-12006/com.xiaomi.athena_remocons I/MainFragment: mode=3 pattern=2 order=0 mode type=0 error flag=0 isError=false isCharging=false lowBattery=0
2023-01-02 16:15:17.371 1372-32062/? I/sensors-hal: handle_sns_std_sensor_event:177, rgb sample: cct_avg:3286, red_raw:48, green_raw:29, blue_raw:27, clear_raw:92, wide_raw:0
2023-01-02 16:15:17.372 1372-32062/? I/sensors-hal: handle_sns_std_sensor_event:179, rgb sample: cur_cct:3335, calc_ir:55, lux:30, again:0, atime:0, ts=3389360585910809
2023-01-02 16:15:17.684 1352-20431/? I/vendor.qti.bluetooth@1.0-ibs_handler: ProcessIbsCmd: Received IBS_WAKE_IND: 0xFD
2023-01-02 16:15:17.685 1352-20431/? D/vendor.qti.bluetooth@1.0-ibs_handler: SerialClockVote: vote for UART CLK ON
2023-01-02 16:15:17.686 1352-20431/? D/vendor.qti.bluetooth@1.0-wake_lock: Acquire wakelock is acquired 
2023-01-02 16:15:17.686 1352-20431/? I/vendor.qti.bluetooth@1.0-ibs_handler: ProcessIbsCmd: Writing IBS_WAKE_ACK
2023-01-02 16:15:17.690 7457-6268/? D/BluetoothGattServer: onPhyUpdate() - device=14:22:3B:98:F2:E9, txPHy=2, rxPHy=1
2023-01-02 16:15:17.691 16693-16718/? D/BluetoothGattServer: onPhyUpdate() - device=14:22:3B:98:F2:E9, txPHy=2, rxPHy=1
2023-01-02 16:15:17.692 21622-4179/? D/BluetoothGatt: onPhyUpdate() - status=0 address=14:22:3B:98:F2:E9 txPhy=2 rxPhy=1
2023-01-02 16:15:17.694 16693-16718/? D/BluetoothGatt: onPhyUpdate() - status=0 address=14:22:3B:98:F2:E9 txPhy=2 rxPhy=1
2023-01-02 16:15:17.727 1352-20431/? I/vendor.qti.bluetooth@1.0-ibs_handler: ProcessIbsCmd: Received IBS_SLEEP_IND: 0xFE
2023-01-02 16:15:17.727 1352-20431/? D/vendor.qti.bluetooth@1.0-ibs_handler: SerialClockVote: vote for UART CLK OFF
2023-01-02 16:15:17.877 1352-20426/? D/vendor.qti.bluetooth@1.0-wake_lock: Release wakelock is released 
2023-01-02 16:15:17.920 1844-2476/? I/OplusHansManager: unfreeze uid: 10356 com.spotify.music pids: [8146] reason: Broadcast scene: LcdOn
2023-01-02 16:15:17.922 1844-4101/? I/OplusHansManager: uid=10356, pkg=com.spotify.music, transition from Frozen to Middle, reason=Broadcast
2023-01-02 16:15:17.922 1844-4101/? I/OplusHansManager: uid=10356, pkg=com.spotify.music F exit(), F stay=1, reason=Broadcast
2023-01-02 16:15:17.932 8341-8362/? D/IHansComunication: HANS sendMessageToKernel: threadId = 520680881328, netLinkSetup = 1, type = FROZEN_TRANS, targetUid = 10356, pkgCmd = PKG_CMD_MAX
2023-01-02 16:15:18.402 1844-1844/? I/AICCTModule: SensorFilter: findSecondNearestValue, cct
2023-01-02 16:15:18.402 1844-1844/? I/AICCTModule: SensorFilter: findSecondNearestValue, nearestMaxLux:3272.9695
2023-01-02 16:15:18.402 1844-1844/? I/AICCTModule: SensorFilter: findSecondNearestValue, secondNearestLux:3278.2273
2023-01-02 16:15:18.402 1844-1844/? I/AICCTModule: SensorFilter: updateCCT fixed cct=3000.0
2023-01-02 16:15:18.402 1844-1844/? I/AICCTModule: SensorFilter: Enter low light due to lux low mean, ave = 30.0
2023-01-02 16:15:18.402 1844-5107/? D/AICCTModule: AICurveModel: handleMessage MSG_SENSOR_CHANGED, mSensorValue:3000.0
2023-01-02 16:15:18.403 1844-5107/? D/AICCTModule: AICurveModel: handleUpdateCCT mSensorValue:3000.0, isReset:false
2023-01-02 16:15:18.403 1844-5107/? I/AICCTModule: AICurveModel: findPointByX x:10.877226, rightPoint:Point:(10.879999, 5329.0, 5329.0)
2023-01-02 16:15:18.403 1844-5107/? I/AICCTModule: AICurveModel: StablePoints has no dragSplineLine
2023-01-02 16:15:18.403 1844-5107/? I/AICCTModule: AICurveModel: StablePoints y1Left:5329.0, y2Left:0.0, leftY:5329.0
2023-01-02 16:15:18.403 1844-5107/? I/AICCTModule: AICurveModel: getNextPoint isLargeChange, 3003.0386, 5329.0
2023-01-02 16:15:18.403 1844-5107/? I/AICCTModule: AICurveModel: handleUpdateCCT cct change from 5329.0, to 5329.0
2023-01-02 16:15:18.403 1844-5107/? I/AICCTModule: AICurveModel: handleUpdateCCT TargetEffectPoint update, 3003.0386, 5329.0
2023-01-02 16:15:18.403 1844-5107/? I/AICCTModule: AICurveModel: onTargetCCTChange cct change to 5329.0
2023-01-02 16:15:18.456 12006-12006/com.xiaomi.athena_remocons I/MainFragment: mode=3 pattern=2 order=0 mode type=0 error flag=0 isError=false isCharging=false lowBattery=0
2023-01-02 16:15:18.616 1352-20431/? I/vendor.qti.bluetooth@1.0-ibs_handler: ProcessIbsCmd: Received IBS_WAKE_IND: 0xFD
2023-01-02 16:15:18.616 1352-20431/? D/vendor.qti.bluetooth@1.0-ibs_handler: SerialClockVote: vote for UART CLK ON
2023-01-02 16:15:18.617 1352-20431/? D/vendor.qti.bluetooth@1.0-wake_lock: Acquire wakelock is acquired 
2023-01-02 16:15:18.618 1352-20431/? I/vendor.qti.bluetooth@1.0-ibs_handler: ProcessIbsCmd: Writing IBS_WAKE_ACK
2023-01-02 16:15:18.658 1352-20431/? I/vendor.qti.bluetooth@1.0-ibs_handler: ProcessIbsCmd: Received IBS_SLEEP_IND: 0xFE
2023-01-02 16:15:18.658 1352-20431/? D/vendor.qti.bluetooth@1.0-ibs_handler: SerialClockVote: vote for UART CLK OFF
2023-01-02 16:15:18.810 1352-20426/? D/vendor.qti.bluetooth@1.0-wake_lock: Release wakelock is released 
2023-01-02 16:15:19.225 1844-2564/? D/OplusSmartBrightnessController: handleMessage MSG_LUX_CHANGED, mLux:30.0
2023-01-02 16:15:19.430 1372-32062/? I/sensors-hal: handle_sns_std_sensor_event:177, rgb sample: cct_avg:3283, red_raw:49, green_raw:29, blue_raw:27, clear_raw:92, wide_raw:0
2023-01-02 16:15:19.430 1372-32062/? I/sensors-hal: handle_sns_std_sensor_event:179, rgb sample: cur_cct:3296, calc_ir:60, lux:30, again:0, atime:0, ts=3389362642951850
2023-01-02 16:15:19.564 1844-3480/? E/OplusNetworkStackManager: callback len = 2
2023-01-02 16:15:19.564 1844-3480/? D/OLK: INetworkScoreCallback() networkId: 1497 better = true, score = 100
2023-01-02 16:15:19.565 4167-6049/? E/OplusNetworkStackManager: callback len = 1
2023-01-02 16:15:19.567 4200-18871/? E/OplusNetworkStackManager: callback len = 2
2023-01-02 16:15:19.567 4200-18871/? D/NetworkEvent: OplusNetworkScoreCbProxy invoke.....onNetworkQualityChange argslen:6
2023-01-02 16:15:19.568 4200-18871/? D/OplusFastRecovery: OplusNetworkScoreCbProxy invoke.....onNetworkQualityChange argslen:6
2023-01-02 16:15:19.662 12006-12006/com.xiaomi.athena_remocons I/MainFragment: mode=3 pattern=2 order=0 mode type=0 error flag=0 isError=false isCharging=false lowBattery=0
2023-01-02 16:15:20.003 1372-6974/? I/sensors-hal: ssc_conn_event_cb:684, event[0] msg_id=1025, ts=65075868333952 sensor_type = pedometer_minute  Wakeup
2023-01-02 16:15:20.003 1372-6974/? E/sensors-hal: handle_sns_client_event:86, pedometer_minute: report_ts=56485,counter=520545.000000 move_status =[SNS_CMC_STATIONARY] time_gap = 0 run_counter=235881.000000 walk_counter=199583.000000
2023-01-02 16:15:20.014 3596-3596/? I/StepApp_StepDataPreHandler: (main)onSensorChanged raw data: step=520545.0 state=3.0 minuteDelta=0.0 timestamp=3389363219934194 steprun=235881.0 stepwalk=199583.0 formatted data: step=520545 state=3 timestamp=3389363219934194 time=1672672520001 steprun=235881 stepwalk=199583
2023-01-02 16:15:20.459 1844-1844/? I/AICCTModule: SensorFilter: findSecondNearestValue, cct
2023-01-02 16:15:20.459 1844-1844/? I/AICCTModule: SensorFilter: findSecondNearestValue, nearestMaxLux:3279.9653
2023-01-02 16:15:20.459 1844-1844/? I/AICCTModule: SensorFilter: findSecondNearestValue, secondNearestLux:3280.3433
2023-01-02 16:15:20.459 1844-1844/? I/AICCTModule: SensorFilter: updateCCT fixed cct=3000.0
2023-01-02 16:15:20.460 1844-1844/? I/AICCTModule: SensorFilter: Enter low light due to lux low mean, ave = 30.0
2023-01-02 16:15:20.461 1844-5107/? D/AICCTModule: AICurveModel: handleMessage MSG_SENSOR_CHANGED, mSensorValue:3000.0
2023-01-02 16:15:20.461 1844-5107/? D/AICCTModule: AICurveModel: handleUpdateCCT mSensorValue:3000.0, isReset:false
2023-01-02 16:15:20.461 1844-5107/? I/AICCTModule: AICurveModel: findPointByX x:10.877226, rightPoint:Point:(10.879999, 5329.0, 5329.0)
2023-01-02 16:15:20.461 1844-5107/? I/AICCTModule: AICurveModel: StablePoints has no dragSplineLine
2023-01-02 16:15:20.461 1844-5107/? I/AICCTModule: AICurveModel: StablePoints y1Left:5329.0, y2Left:0.0, leftY:5329.0
2023-01-02 16:15:20.461 1844-5107/? I/AICCTModule: AICurveModel: getNextPoint isLargeChange, 3003.0386, 5329.0
2023-01-02 16:15:20.461 1844-5107/? I/AICCTModule: AICurveModel: handleUpdateCCT cct change from 5329.0, to 5329.0
2023-01-02 16:15:20.461 1844-5107/? I/AICCTModule: AICurveModel: handleUpdateCCT TargetEffectPoint update, 3003.0386, 5329.0
2023-01-02 16:15:20.462 1844-5107/? I/AICCTModule: AICurveModel: onTargetCCTChange cct change to 5329.0
2023-01-02 16:15:20.512 12006-12006/com.xiaomi.athena_remocons I/HandlerManager: Receive handler status={"address_":"","error_":"","remoteStatus_":10,"scanDeviceInfo_":"","scanStatus_":1,"memoizedSerializedSize":-1,"unknownFields":{"count":0,"isMutable":false,"memoizedSerializedSize":0,"objects":[],"tags":[]},"memoizedHashCode":0}，create=false，click=false
2023-01-02 16:15:20.834 12006-12006/com.xiaomi.athena_remocons I/MainFragment: mode=3 pattern=2 order=0 mode type=0 error flag=0 isError=false isCharging=false lowBattery=0
arjun@Alienware-m15-R4:~/Desktop/k91_orange_scripts$ cat /home/arjun/Documents/k91_django/LOGCAT_APK.txt |grep decissage
arjun@Alienware-m15-R4:~/Desktop/k91_orange_scripts$ cat /home/arjun/Documents/k91_django/LOGCAT_APK.txt |grep -i decissage
2023-01-02 16:14:21.125 12006-32176/com.xiaomi.athena_remocons I/CyberDogClient: publishDecissage.{"angular_":{"x_":0.0,"y_":0.0,"z_":-0.0,"memoizedSerializedSize":-1,"unknownFields":{"count":0,"isMutable":false,"memoizedSerializedSize":0,"objects":[],"tags":[]},"memoizedHashCode":0},"linear_":{"x_":0.0,"y_":0.0,"z_":0.0,"memoizedSerializedSize":-1,"unknownFields":{"count":0,"isMutable":false,"memoizedSerializedSize":0,"objects":[],"tags":[]},"memoizedHashCode":0},"memoizedSerializedSize":-1,"unknownFields":{"count":0,"isMutable":false,"memoizedSerializedSize":0,"objects":[],"tags":[]},"memoizedHashCode":0}
2023-01-02 16:14:21.149 12006-32542/com.xiaomi.athena_remocons I/CyberDogClient: publishDecissage completed.
2023-01-02 16:14:21.175 12006-32176/com.xiaomi.athena_remocons I/CyberDogClient: publishDecissage.{"angular_":{"x_":0.0,"y_":0.0,"z_":-0.0,"memoizedSerializedSize":-1,"unknownFields":{"count":0,"isMutable":false,"memoizedSerializedSize":0,"objects":[],"tags":[]},"memoizedHashCode":0},"linear_":{"x_":0.0,"y_":0.0,"z_":0.0,"memoizedSerializedSize":-1,"unknownFields":{"count":0,"isMutable":false,"memoizedSerializedSize":0,"objects":[],"tags":[]},"memoizedHashCode":0},"memoizedSerializedSize":-1,"unknownFields":{"count":0,"isMutable":false,"memoizedSerializedSize":0,"objects":[],"tags":[]},"memoizedHashCode":0}
2023-01-02 16:14:21.187 12006-32542/com.xiaomi.athena_remocons I/CyberDogClient: publishDecissage completed.
2023-01-02 16:14:21.225 12006-32176/com.xiaomi.athena_remocons I/CyberDogClient: publishDecissage.{"angular_":{"x_":0.0,"y_":0.0,"z_":-0.0,"memoizedSerializedSize":-1,"unknownFields":{"count":0,"isMutable":false,"memoizedSerializedSize":0,"objects":[],"tags":[]},"memoizedHashCode":0},"linear_":{"x_":0.0,"y_":0.0,"z_":0.0,"memoizedSerializedSize":-1,"unknownFields":{"count":0,"isMutable":false,"memoizedSerializedSize":0,"objects":[],"tags":[]},"memoizedHashCode":0},"memoizedSerializedSize":-1,"unknownFields":{"count":0,"isMutable":false,"memoizedSerializedSize":0,"objects":[],"tags":[]},"memoizedHashCode":0}
2023-01-02 16:14:21.275 12006-32176/com.xiaomi.athena_remocons I/CyberDogClient: publishDecissage.{"angular_":{"x_":0.0,"y_":0.0,"z_":-0.02049180306494236,"memoizedSerializedSize":-1,"unknownFields":{"count":0,"isMutable":false,"memoizedSerializedSize":0,"objects":[],"tags":[]},"memoizedHashCode":0},"linear_":{"x_":-0.0012295081768734506,"y_":0.0,"z_":0.0,"memoizedSerializedSize":-1,"unknownFields":{"count":0,"isMutable":false,"memoizedSerializedSize":0,"objects":[],"tags":[]},"memoizedHashCode":0},"memoizedSerializedSize":-1,"unknownFields":{"count":0,"isMutable":false,"memoizedSerializedSize":0,"objects":[],"tags":[]},"memoizedHashCode":0}
2023-01-02 16:14:21.278 12006-32542/com.xiaomi.athena_remocons I/CyberDogClient: publishDecissage completed.
2023-01-02 16:14:21.326 12006-32189/com.xiaomi.athena_remocons I/CyberDogClient: publishDecissage completed.
2023-01-02 16:14:21.327 12006-32176/com.xiaomi.athena_remocons I/CyberDogClient: publishDecissage.{"angular_":{"x_":0.0,"y_":0.0,"z_":-0.07377049326896667,"memoizedSerializedSize":-1,"unknownFields":{"count":0,"isMutable":false,"memoizedSerializedSize":0,"objects":[],"tags":[]},"memoizedHashCode":0},"linear_":{"x_":-0.0036885248100171353,"y_":0.0,"z_":0.0,"memoizedSerializedSize":-1,"unknownFields":{"count":0,"isMutable":false,"memoizedSerializedSize":0,"objects":[],"tags":[]},"memoizedHashCode":0},"memoizedSerializedSize":-1,"unknownFields":{"count":0,"isMutable":false,"memoizedSerializedSize":0,"objects":[],"tags":[]},"memoizedHashCode":0}
2023-01-02 16:14:21.343 12006-32189/com.xiaomi.athena_remocons I/CyberDogClient: publishDecissage completed.
2023-01-02 16:14:21.375 12006-32176/com.xiaomi.athena_remocons I/CyberDogClient: publishDecissage.{"angular_":{"x_":0.0,"y_":0.0,"z_":-0.12295082211494446,"memoizedSerializedSize":-1,"unknownFields":{"count":0,"isMutable":false,"memoizedSerializedSize":0,"objects":[],"tags":[]},"memoizedHashCode":0},"linear_":{"x_":-0.004918032707493802,"y_":0.0,"z_":0.0,"memoizedSerializedSize":-1,"unknownFields":{"count":0,"isMutable":false,"memoizedSerializedSize":0,"objects":[],"tags":[]},"memoizedHashCode":0},"memoizedSerializedSize":-1,"unknownFields":{"count":0,"isMutable":false,"memoizedSerializedSize":0,"objects":[],"tags":[]},"memoizedHashCode":0}
2023-01-02 16:14:21.390 12006-32189/com.xiaomi.athena_remocons I/CyberDogClient: publishDecissage completed.
2023-01-02 16:14:21.425 12006-32176/com.xiaomi.athena_remocons I/CyberDogClient: publishDecissage.{"angular_":{"x_":0.0,"y_":0.0,"z_":-0.1803278625011444,"memoizedSerializedSize":-1,"unknownFields":{"count":0,"isMutable":false,"memoizedSerializedSize":0,"objects":[],"tags":[]},"memoizedHashCode":0},"linear_":{"x_":-0.0036885248100171353,"y_":0.0,"z_":0.0,"memoizedSerializedSize":-1,"unknownFields":{"count":0,"isMutable":false,"memoizedSerializedSize":0,"objects":[],"tags":[]},"memoizedHashCode":0},"memoizedSerializedSize":-1,"unknownFields":{"count":0,"isMutable":false,"memoizedSerializedSize":0,"objects":[],"tags":[]},"memoizedHashCode":0}
2023-01-02 16:14:21.452 12006-32189/com.xiaomi.athena_remocons I/CyberDogClient: publishDecissage completed.
2023-01-02 16:14:21.475 12006-32176/com.xiaomi.athena_remocons I/CyberDogClient: publishDecissage.{"angular_":{"x_":0.0,"y_":0.0,"z_":-0.23770491778850555,"memoizedSerializedSize":-1,"unknownFields":{"count":0,"isMutable":false,"memoizedSerializedSize":0,"objects":[],"tags":[]},"memoizedHashCode":0},"linear_":{"x_":-0.0012295081768734506,"y_":0.0,"z_":0.0,"memoizedSerializedSize":-1,"unknownFields":{"count":0,"isMutable":false,"memoizedSerializedSize":0,"objects":[],"tags":[]},"memoizedHashCode":0},"memoizedSerializedSize":-1,"unknownFields":{"count":0,"isMutable":false,"memoizedSerializedSize":0,"objects":[],"tags":[]},"memoizedHashCode":0}
2023-01-02 16:14:21.491 12006-32189/com.xiaomi.athena_remocons I/CyberDogClient: publishDecissage completed.
2023-01-02 16:14:21.525 12006-32176/com.xiaomi.athena_remocons I/CyberDogClient: publishDecissage.{"angular_":{"x_":0.0,"y_":0.0,"z_":-0.3155737817287445,"memoizedSerializedSize":-1,"unknownFields":{"count":0,"isMutable":false,"memoizedSerializedSize":0,"objects":[],"tags":[]},"memoizedHashCode":0},"linear_":{"x_":0.0012295081768734506,"y_":0.0,"z_":0.0,"memoizedSerializedSize":-1,"unknownFields":{"count":0,"isMutable":false,"memoizedSerializedSize":0,"objects":[],"tags":[]},"memoizedHashCode":0},"memoizedSerializedSize":-1,"unknownFields":{"count":0,"isMutable":false,"memoizedSerializedSize":0,"objects":[],"tags":[]},"memoizedHashCode":0}
2023-01-02 16:14:21.540 12006-32189/com.xiaomi.athena_remocons I/CyberDogClient: publishDecissage completed.
2023-01-02 16:14:21.575 12006-32176/com.xiaomi.athena_remocons I/CyberDogClient: publishDecissage.{"angular_":{"x_":0.0,"y_":0.0,"z_":-0.39754098653793335,"memoizedSerializedSize":-1,"unknownFields":{"count":0,"isMutable":false,"memoizedSerializedSize":0,"objects":[],"tags":[]},"memoizedHashCode":0},"linear_":{"x_":0.004918032707493802,"y_":0.0,"z_":0.0,"memoizedSerializedSize":-1,"unknownFields":{"count":0,"isMutable":false,"memoizedSerializedSize":0,"objects":[],"tags":[]},"memoizedHashCode":0},"memoizedSerializedSize":-1,"unknownFields":{"count":0,"isMutable":false,"memoizedSerializedSize":0,"objects":[],"tags":[]},"memoizedHashCode":0}
2023-01-02 16:14:21.587 12006-32189/com.xiaomi.athena_remocons I/CyberDogClient: publishDecissage completed.
2023-01-02 16:14:21.625 12006-32176/com.xiaomi.athena_remocons I/CyberDogClient: publishDecissage.{"angular_":{"x_":0.0,"y_":0.0,"z_":-0.46311476826667786,"memoizedSerializedSize":-1,"unknownFields":{"count":0,"isMutable":false,"memoizedSerializedSize":0,"objects":[],"tags":[]},"memoizedHashCode":0},"linear_":{"x_":0.008606557517510938,"y_":0.0,"z_":0.0,"memoizedSerializedSize":-1,"unknownFields":{"count":0,"isMutable":false,"memoizedSerializedSize":0,"objects":[],"tags":[]},"memoizedHashCode":0},"memoizedSerializedSize":-1,"unknownFields":{"count":0,"isMutable":false,"memoizedSerializedSize":0,"objects":[],"tags":[]},"memoizedHashCode":0}
2023-01-02 16:14:21.639 12006-32189/com.xiaomi.athena_remocons I/CyberDogClient: publishDecissage completed.
2023-01-02 16:14:21.675 12006-32176/com.xiaomi.athena_remocons I/CyberDogClient: publishDecissage.{"angular_":{"x_":0.0,"y_":0.0,"z_":-0.4959016442298889,"memoizedSerializedSize":-1,"unknownFields":{"count":0,"isMutable":false,"memoizedSerializedSize":0,"objects":[],"tags":[]},"memoizedHashCode":0},"linear_":{"x_":0.009836065414987605,"y_":0.0,"z_":0.0,"memoizedSerializedSize":-1,"unknownFields":{"count":0,"isMutable":false,"memoizedSerializedSize":0,"objects":[],"tags":[]},"memoizedHashCode":0},"memoizedSerializedSize":-1,"unknownFields":{"count":0,"isMutable":false,"memoizedSerializedSize":0,"objects":[],"tags":[]},"memoizedHashCode":0}
2023-01-02 16:14:21.702 12006-32189/com.xiaomi.athena_remocons I/CyberDogClient: publishDecissage completed.
